******************************************************************************
             TMS320C2000 Linker PC v22.6.0                     
******************************************************************************
>> Linked Tue May  6 16:55:15 2025

OUTPUT FILE NAME:   <../FOC_2.out>
ENTRY POINT SYMBOL: "_c_int00"  address: 00084fbd


MEMORY CONFIGURATION

         name            origin    length      used     unused   attr    fill
----------------------  --------  ---------  --------  --------  ----  --------
PAGE 0:
  BEGIN                 00000000   00000002  00000000  00000002  RWIX
  RAMLS_PROG            00008000   00002000  000000ab  00001f55  RWIX
  BEGIN_FLASH           00080000   00000002  00000002  00000000  RWIX
  FLASHA_N              00080002   0003fffe  00005870  0003a78e  RWIX
  RESET                 003fffc0   00000002  00000000  00000002  RWIX

PAGE 1:
  BOOT_RSVD             00000002   00000120  00000010  00000110  RWIX
  RAMM0M1               00000122   000006de  00000400  000002de  RWIX
  ADCARESULT            00000b00   00000018  00000018  00000000  RWIX
  ADCBRESULT            00000b20   00000018  00000018  00000000  RWIX
  ADCCRESULT            00000b40   00000018  00000018  00000000  RWIX
  ADCDRESULT            00000b60   00000018  00000018  00000000  RWIX
  CPU_TIMER0            00000c00   00000008  00000008  00000000  RWIX
  CPU_TIMER1            00000c08   00000008  00000008  00000000  RWIX
  CPU_TIMER2            00000c10   00000008  00000008  00000000  RWIX
  PIE_CTRL              00000ce0   00000020  0000001a  00000006  RWIX
  PIE_VECT              00000d00   00000200  000001c0  00000040  RWIX
  DMA                   00001000   00000200  000000e0  00000120  RWIX
  CLA1                  00001400   00000040  0000003e  00000002  RWIX
  CLA1_MSGRAMLOW        00001480   00000080  00000000  00000080  RWIX
  CLA1_MSGRAMHIGH       00001500   00000080  00000000  00000080  RWIX
  CLB1LOGICCFG          00003000   00000052  0000003e  00000014  RWIX
  CLB1LOGICCTRL         00003100   00000040  00000040  00000000  RWIX
  CLB1DATAEXCH          00003200   00000200  00000108  000000f8  RWIX
  CLB2LOGICCFG          00003400   00000052  0000003e  00000014  RWIX
  CLB2LOGICCTRL         00003500   00000040  00000040  00000000  RWIX
  CLB2DATAEXCH          00003600   00000200  00000108  000000f8  RWIX
  CLB3LOGICCFG          00003800   00000052  0000003e  00000014  RWIX
  CLB3LOGICCTRL         00003900   00000040  00000040  00000000  RWIX
  CLB3DATAEXCH          00003a00   00000200  00000108  000000f8  RWIX
  CLB4LOGICCFG          00003c00   00000052  0000003e  00000014  RWIX
  CLB4LOGICCTRL         00003d00   00000040  00000040  00000000  RWIX
  CLB4DATAEXCH          00003e00   00000200  00000108  000000f8  RWIX
  EPWM1                 00004000   00000100  00000100  00000000  RWIX
  EPWM2                 00004100   00000100  00000100  00000000  RWIX
  EPWM3                 00004200   00000100  00000100  00000000  RWIX
  EPWM4                 00004300   00000100  00000100  00000000  RWIX
  EPWM5                 00004400   00000100  00000100  00000000  RWIX
  EPWM6                 00004500   00000100  00000100  00000000  RWIX
  EPWM7                 00004600   00000100  00000100  00000000  RWIX
  EPWM8                 00004700   00000100  00000100  00000000  RWIX
  EPWM9                 00004800   00000100  00000100  00000000  RWIX
  EPWM10                00004900   00000100  00000100  00000000  RWIX
  EPWM11                00004a00   00000100  00000100  00000000  RWIX
  EPWM12                00004b00   00000100  00000100  00000000  RWIX
  ECAP1                 00005000   00000020  0000001a  00000006  RWIX
  ECAP2                 00005020   00000020  0000001a  00000006  RWIX
  ECAP3                 00005040   00000020  0000001a  00000006  RWIX
  ECAP4                 00005060   00000020  0000001a  00000006  RWIX
  ECAP5                 00005080   00000020  0000001a  00000006  RWIX
  ECAP6                 000050a0   00000020  0000001a  00000006  RWIX
  EQEP1                 00005100   00000040  00000022  0000001e  RWIX
  EQEP2                 00005140   00000040  00000022  0000001e  RWIX
  EQEP3                 00005180   00000040  00000022  0000001e  RWIX
  DACA                  00005c00   00000010  00000007  00000009  RWIX
  DACB                  00005c10   00000010  00000007  00000009  RWIX
  DACC                  00005c20   00000010  00000007  00000009  RWIX
  CMPSS1                00005c80   00000020  0000001b  00000005  RWIX
  CMPSS2                00005ca0   00000020  0000001b  00000005  RWIX
  CMPSS3                00005cc0   00000020  0000001b  00000005  RWIX
  CMPSS4                00005ce0   00000020  0000001b  00000005  RWIX
  CMPSS5                00005d00   00000020  0000001b  00000005  RWIX
  CMPSS6                00005d20   00000020  0000001b  00000005  RWIX
  CMPSS7                00005d40   00000020  0000001b  00000005  RWIX
  CMPSS8                00005d60   00000020  0000001b  00000005  RWIX
  SDFM1                 00005e00   00000080  00000048  00000038  RWIX
  SDFM2                 00005e80   00000080  00000048  00000038  RWIX
  MCBSPA                00006000   00000040  00000024  0000001c  RWIX
  MCBSPB                00006040   00000040  00000024  0000001c  RWIX
  SPIA                  00006100   00000010  00000010  00000000  RWIX
  SPIB                  00006110   00000010  00000010  00000000  RWIX
  SPIC                  00006120   00000010  00000010  00000000  RWIX
  SPID                  00006130   00000010  00000000  00000010  RWIX
  UPP                   00006200   00000100  00000048  000000b8  RWIX
  WD                    00007000   00000040  0000002b  00000015  RWIX
  NMIINTRUPT            00007060   00000010  00000007  00000009  RWIX
  XINT                  00007070   00000010  0000000b  00000005  RWIX
  SCIA                  00007200   00000010  00000010  00000000  RWIX
  SCIB                  00007210   00000010  00000010  00000000  RWIX
  SCIC                  00007220   00000010  00000010  00000000  RWIX
  SCID                  00007230   00000010  00000010  00000000  RWIX
  I2CA                  00007300   00000040  00000022  0000001e  RWIX
  I2CB                  00007340   00000040  00000022  0000001e  RWIX
  ADCA                  00007400   00000080  0000007c  00000004  RWIX
  ADCB                  00007480   00000080  0000007c  00000004  RWIX
  ADCC                  00007500   00000080  0000007c  00000004  RWIX
  ADCD                  00007580   00000080  0000007c  00000004  RWIX
  INPUT_XBAR            00007900   00000020  00000020  00000000  RWIX
  XBAR                  00007920   00000020  0000000e  00000012  RWIX
  SYNC_SOC              00007940   00000010  00000006  0000000a  RWIX
  DMACLASRCSEL          00007980   00000040  0000001a  00000026  RWIX
  EPWM_XBAR             00007a00   00000040  00000040  00000000  RWIX
  CLB_XBAR              00007a40   00000040  00000040  00000000  RWIX
  OUTPUT_XBAR           00007a80   00000040  00000040  00000000  RWIX
  GPIOCTRL              00007c00   00000180  00000180  00000000  RWIX
  GPIODAT               00007f00   00000030  00000030  00000000  RWIX
  RAMLS_DATA            0000a000   00001000  00000000  00001000  RWIX
  RAMD0D1               0000b000   00001000  00000000  00001000  RWIX
  RAMGS_IPCBuffCPU1     0000c000   00001000  00000000  00001000  RWIX
  RAMGS_IPCBuffCPU2     0000d000   00001000  00000000  00001000  RWIX
  RAMGS_DATA            0000e000   00007000  00001300  00005d00  RWIX
  CPU2TOCPU1RAM         0003f800   00000400  00000000  00000400  RWIX
  CPU1TOCPU2RAM         0003fc00   00000400  00000000  00000400  RWIX
  EMIF1                 00047000   00000800  00000028  000007d8  RWIX
  EMIF2                 00047800   00000800  00000028  000007d8  RWIX
  CANA                  00048000   00000200  00000164  0000009c  RWIX
  CANB                  0004a000   00000200  00000164  0000009c  RWIX
  IPC                   00050000   00000024  00000024  00000000  RWIX
  FLASHPUMPSEMAPHORE    00050024   00000002  00000002  00000000  RWIX
  DEV_CFG               0005d000   00000180  0000012e  00000052  RWIX
  ANALOG_SUBSYS         0005d180   00000080  0000003e  00000042  RWIX
  CLK_CFG               0005d200   00000100  00000032  000000ce  RWIX
  CPU_SYS               0005d300   00000100  00000082  0000007e  RWIX
  ROMPREFETCH           0005e608   00000002  00000002  00000000  RWIX
  DCSM_Z1               0005f000   00000030  00000022  0000000e  RWIX
  DCSM_Z2               0005f040   00000030  00000022  0000000e  RWIX
  DCSM_COMMON           0005f070   00000010  00000006  0000000a  RWIX
  MEMCFG                0005f400   00000080  00000076  0000000a  RWIX
  EMIF1CONFIG           0005f480   00000020  0000000a  00000016  RWIX
  EMIF2CONFIG           0005f4a0   00000020  0000000a  00000016  RWIX
  ACCESSPROTECTION      0005f4c0   00000040  0000002e  00000012  RWIX
  MEMORYERROR           0005f500   00000040  0000003a  00000006  RWIX
  ROMWAITSTATE          0005f540   00000002  00000002  00000000  RWIX
  FLASH0_CTRL           0005f800   00000300  00000182  0000017e  RWIX
  FLASH0_ECC            0005fb00   00000040  00000028  00000018  RWIX
  DCSM_Z1_OTP           00078000   00000020  00000000  00000020  RWIX
  DCSM_Z2_OTP           00078200   00000020  00000000  00000020  RWIX


SECTION ALLOCATION MAP

 output                                  attributes/
section   page    origin      length       input sections
--------  ----  ----------  ----------   ----------------
codestart 
*          0    00080000    00000002     
                  00080000    00000002     F2837xD_CodeStartBranch.obj (codestart)

AdcaResultRegsFile 
*          1    00000b00    00000018     UNINITIALIZED
                  00000b00    00000018     F2837xD_GlobalVariableDefs.obj (AdcaResultRegsFile)

AdcbResultRegsFile 
*          1    00000b20    00000018     UNINITIALIZED
                  00000b20    00000018     F2837xD_GlobalVariableDefs.obj (AdcbResultRegsFile)

AdccResultRegsFile 
*          1    00000b40    00000018     UNINITIALIZED
                  00000b40    00000018     F2837xD_GlobalVariableDefs.obj (AdccResultRegsFile)

AdcdResultRegsFile 
*          1    00000b60    00000018     UNINITIALIZED
                  00000b60    00000018     F2837xD_GlobalVariableDefs.obj (AdcdResultRegsFile)

CpuTimer0RegsFile 
*          1    00000c00    00000008     UNINITIALIZED
                  00000c00    00000008     F2837xD_GlobalVariableDefs.obj (CpuTimer0RegsFile)

CpuTimer1RegsFile 
*          1    00000c08    00000008     UNINITIALIZED
                  00000c08    00000008     F2837xD_GlobalVariableDefs.obj (CpuTimer1RegsFile)

CpuTimer2RegsFile 
*          1    00000c10    00000008     UNINITIALIZED
                  00000c10    00000008     F2837xD_GlobalVariableDefs.obj (CpuTimer2RegsFile)

PieCtrlRegsFile 
*          1    00000ce0    0000001a     UNINITIALIZED
                  00000ce0    0000001a     F2837xD_GlobalVariableDefs.obj (PieCtrlRegsFile)

PieVectTableFile 
*          1    00000d00    000001c0     UNINITIALIZED
                  00000d00    000001c0     F2837xD_GlobalVariableDefs.obj (PieVectTableFile)

EmuKeyVar 
*          1    00000d00    00000000     UNINITIALIZED

EmuBModeVar 
*          1    00000d00    00000000     UNINITIALIZED

FlashCallbackVar 
*          1    00000d00    00000000     UNINITIALIZED

FlashScalingVar 
*          1    00000d00    00000000     UNINITIALIZED

Cla1RegsFile 
*          1    00001400    0000003e     UNINITIALIZED
                  00001400    0000003e     F2837xD_GlobalVariableDefs.obj (Cla1RegsFile)

Clb1LogicCfgRegsFile 
*          1    00003000    0000003e     UNINITIALIZED
                  00003000    0000003e     F2837xD_GlobalVariableDefs.obj (Clb1LogicCfgRegsFile)

Clb1LogicCtrlRegsFile 
*          1    00003100    00000040     UNINITIALIZED
                  00003100    00000040     F2837xD_GlobalVariableDefs.obj (Clb1LogicCtrlRegsFile)

Clb2LogicCfgRegsFile 
*          1    00003400    0000003e     UNINITIALIZED
                  00003400    0000003e     F2837xD_GlobalVariableDefs.obj (Clb2LogicCfgRegsFile)

Clb2LogicCtrlRegsFile 
*          1    00003500    00000040     UNINITIALIZED
                  00003500    00000040     F2837xD_GlobalVariableDefs.obj (Clb2LogicCtrlRegsFile)

Clb3LogicCfgRegsFile 
*          1    00003800    0000003e     UNINITIALIZED
                  00003800    0000003e     F2837xD_GlobalVariableDefs.obj (Clb3LogicCfgRegsFile)

Clb3LogicCtrlRegsFile 
*          1    00003900    00000040     UNINITIALIZED
                  00003900    00000040     F2837xD_GlobalVariableDefs.obj (Clb3LogicCtrlRegsFile)

Clb4LogicCfgRegsFile 
*          1    00003c00    0000003e     UNINITIALIZED
                  00003c00    0000003e     F2837xD_GlobalVariableDefs.obj (Clb4LogicCfgRegsFile)

Clb4LogicCtrlRegsFile 
*          1    00003d00    00000040     UNINITIALIZED
                  00003d00    00000040     F2837xD_GlobalVariableDefs.obj (Clb4LogicCtrlRegsFile)

EPwm1RegsFile 
*          1    00004000    00000100     UNINITIALIZED
                  00004000    00000100     F2837xD_GlobalVariableDefs.obj (EPwm1RegsFile)

EPwm2RegsFile 
*          1    00004100    00000100     UNINITIALIZED
                  00004100    00000100     F2837xD_GlobalVariableDefs.obj (EPwm2RegsFile)

EPwm3RegsFile 
*          1    00004200    00000100     UNINITIALIZED
                  00004200    00000100     F2837xD_GlobalVariableDefs.obj (EPwm3RegsFile)

EPwm4RegsFile 
*          1    00004300    00000100     UNINITIALIZED
                  00004300    00000100     F2837xD_GlobalVariableDefs.obj (EPwm4RegsFile)

EPwm5RegsFile 
*          1    00004400    00000100     UNINITIALIZED
                  00004400    00000100     F2837xD_GlobalVariableDefs.obj (EPwm5RegsFile)

EPwm6RegsFile 
*          1    00004500    00000100     UNINITIALIZED
                  00004500    00000100     F2837xD_GlobalVariableDefs.obj (EPwm6RegsFile)

EPwm7RegsFile 
*          1    00004600    00000100     UNINITIALIZED
                  00004600    00000100     F2837xD_GlobalVariableDefs.obj (EPwm7RegsFile)

EPwm8RegsFile 
*          1    00004700    00000100     UNINITIALIZED
                  00004700    00000100     F2837xD_GlobalVariableDefs.obj (EPwm8RegsFile)

EPwm9RegsFile 
*          1    00004800    00000100     UNINITIALIZED
                  00004800    00000100     F2837xD_GlobalVariableDefs.obj (EPwm9RegsFile)

EPwm10RegsFile 
*          1    00004900    00000100     UNINITIALIZED
                  00004900    00000100     F2837xD_GlobalVariableDefs.obj (EPwm10RegsFile)

EPwm11RegsFile 
*          1    00004a00    00000100     UNINITIALIZED
                  00004a00    00000100     F2837xD_GlobalVariableDefs.obj (EPwm11RegsFile)

EPwm12RegsFile 
*          1    00004b00    00000100     UNINITIALIZED
                  00004b00    00000100     F2837xD_GlobalVariableDefs.obj (EPwm12RegsFile)

ECap1RegsFile 
*          1    00005000    0000001a     UNINITIALIZED
                  00005000    0000001a     F2837xD_GlobalVariableDefs.obj (ECap1RegsFile)

ECap2RegsFile 
*          1    00005020    0000001a     UNINITIALIZED
                  00005020    0000001a     F2837xD_GlobalVariableDefs.obj (ECap2RegsFile)

ECap3RegsFile 
*          1    00005040    0000001a     UNINITIALIZED
                  00005040    0000001a     F2837xD_GlobalVariableDefs.obj (ECap3RegsFile)

ECap4RegsFile 
*          1    00005060    0000001a     UNINITIALIZED
                  00005060    0000001a     F2837xD_GlobalVariableDefs.obj (ECap4RegsFile)

ECap5RegsFile 
*          1    00005080    0000001a     UNINITIALIZED
                  00005080    0000001a     F2837xD_GlobalVariableDefs.obj (ECap5RegsFile)

ECap6RegsFile 
*          1    000050a0    0000001a     UNINITIALIZED
                  000050a0    0000001a     F2837xD_GlobalVariableDefs.obj (ECap6RegsFile)

EQep1RegsFile 
*          1    00005100    00000022     UNINITIALIZED
                  00005100    00000022     F2837xD_GlobalVariableDefs.obj (EQep1RegsFile)

EQep2RegsFile 
*          1    00005140    00000022     UNINITIALIZED
                  00005140    00000022     F2837xD_GlobalVariableDefs.obj (EQep2RegsFile)

EQep3RegsFile 
*          1    00005180    00000022     UNINITIALIZED
                  00005180    00000022     F2837xD_GlobalVariableDefs.obj (EQep3RegsFile)

DacaRegsFile 
*          1    00005c00    00000007     UNINITIALIZED
                  00005c00    00000007     F2837xD_GlobalVariableDefs.obj (DacaRegsFile)

DacbRegsFile 
*          1    00005c10    00000007     UNINITIALIZED
                  00005c10    00000007     F2837xD_GlobalVariableDefs.obj (DacbRegsFile)

DaccRegsFile 
*          1    00005c20    00000007     UNINITIALIZED
                  00005c20    00000007     F2837xD_GlobalVariableDefs.obj (DaccRegsFile)

Cmpss1RegsFile 
*          1    00005c80    0000001b     UNINITIALIZED
                  00005c80    0000001b     F2837xD_GlobalVariableDefs.obj (Cmpss1RegsFile)

Cmpss2RegsFile 
*          1    00005ca0    0000001b     UNINITIALIZED
                  00005ca0    0000001b     F2837xD_GlobalVariableDefs.obj (Cmpss2RegsFile)

Cmpss3RegsFile 
*          1    00005cc0    0000001b     UNINITIALIZED
                  00005cc0    0000001b     F2837xD_GlobalVariableDefs.obj (Cmpss3RegsFile)

Cmpss4RegsFile 
*          1    00005ce0    0000001b     UNINITIALIZED
                  00005ce0    0000001b     F2837xD_GlobalVariableDefs.obj (Cmpss4RegsFile)

Cmpss5RegsFile 
*          1    00005d00    0000001b     UNINITIALIZED
                  00005d00    0000001b     F2837xD_GlobalVariableDefs.obj (Cmpss5RegsFile)

Cmpss6RegsFile 
*          1    00005d20    0000001b     UNINITIALIZED
                  00005d20    0000001b     F2837xD_GlobalVariableDefs.obj (Cmpss6RegsFile)

Cmpss7RegsFile 
*          1    00005d40    0000001b     UNINITIALIZED
                  00005d40    0000001b     F2837xD_GlobalVariableDefs.obj (Cmpss7RegsFile)

Cmpss8RegsFile 
*          1    00005d60    0000001b     UNINITIALIZED
                  00005d60    0000001b     F2837xD_GlobalVariableDefs.obj (Cmpss8RegsFile)

I2caRegsFile 
*          1    00007300    00000022     UNINITIALIZED
                  00007300    00000022     F2837xD_GlobalVariableDefs.obj (I2caRegsFile)

I2cbRegsFile 
*          1    00007340    00000022     UNINITIALIZED
                  00007340    00000022     F2837xD_GlobalVariableDefs.obj (I2cbRegsFile)

AdcaRegsFile 
*          1    00007400    0000007c     UNINITIALIZED
                  00007400    0000007c     F2837xD_GlobalVariableDefs.obj (AdcaRegsFile)

AdcbRegsFile 
*          1    00007480    0000007c     UNINITIALIZED
                  00007480    0000007c     F2837xD_GlobalVariableDefs.obj (AdcbRegsFile)

AdccRegsFile 
*          1    00007500    0000007c     UNINITIALIZED
                  00007500    0000007c     F2837xD_GlobalVariableDefs.obj (AdccRegsFile)

AdcdRegsFile 
*          1    00007580    0000007c     UNINITIALIZED
                  00007580    0000007c     F2837xD_GlobalVariableDefs.obj (AdcdRegsFile)

CanaRegsFile 
*          1    00048000    00000164     UNINITIALIZED
                  00048000    00000164     F2837xD_GlobalVariableDefs.obj (CanaRegsFile)

CanbRegsFile 
*          1    0004a000    00000164     UNINITIALIZED
                  0004a000    00000164     F2837xD_GlobalVariableDefs.obj (CanbRegsFile)

AnalogSubsysRegsFile 
*          1    0005d180    0000003e     UNINITIALIZED
                  0005d180    0000003e     F2837xD_GlobalVariableDefs.obj (AnalogSubsysRegsFile)

Cla1SoftIntRegsFile 
*          1    00000ce0    00000000     DSECT

Clb1DataExchRegsFile 
*          1    00003200    00000108     UNINITIALIZED
                  00003200    00000108     F2837xD_GlobalVariableDefs.obj (Clb1DataExchRegsFile)

Clb2DataExchRegsFile 
*          1    00003600    00000108     UNINITIALIZED
                  00003600    00000108     F2837xD_GlobalVariableDefs.obj (Clb2DataExchRegsFile)

Clb3DataExchRegsFile 
*          1    00003a00    00000108     UNINITIALIZED
                  00003a00    00000108     F2837xD_GlobalVariableDefs.obj (Clb3DataExchRegsFile)

Clb4DataExchRegsFile 
*          1    00003e00    00000108     UNINITIALIZED
                  00003e00    00000108     F2837xD_GlobalVariableDefs.obj (Clb4DataExchRegsFile)

Sdfm1RegsFile 
*          1    00005e00    00000048     UNINITIALIZED
                  00005e00    00000048     F2837xD_GlobalVariableDefs.obj (Sdfm1RegsFile)

Sdfm2RegsFile 
*          1    00005e80    00000048     UNINITIALIZED
                  00005e80    00000048     F2837xD_GlobalVariableDefs.obj (Sdfm2RegsFile)

McbspaRegsFile 
*          1    00006000    00000024     UNINITIALIZED
                  00006000    00000024     F2837xD_GlobalVariableDefs.obj (McbspaRegsFile)

McbspbRegsFile 
*          1    00006040    00000024     UNINITIALIZED
                  00006040    00000024     F2837xD_GlobalVariableDefs.obj (McbspbRegsFile)

SpiaRegsFile 
*          1    00006100    00000010     UNINITIALIZED
                  00006100    00000010     F2837xD_GlobalVariableDefs.obj (SpiaRegsFile)

SpibRegsFile 
*          1    00006110    00000010     UNINITIALIZED
                  00006110    00000010     F2837xD_GlobalVariableDefs.obj (SpibRegsFile)

SpicRegsFile 
*          1    00006120    00000010     UNINITIALIZED
                  00006120    00000010     F2837xD_GlobalVariableDefs.obj (SpicRegsFile)

UppRegsFile 
*          1    00006200    00000048     UNINITIALIZED
                  00006200    00000048     F2837xD_GlobalVariableDefs.obj (UppRegsFile)

WdRegsFile 
*          1    00007000    0000002b     UNINITIALIZED
                  00007000    0000002b     F2837xD_GlobalVariableDefs.obj (WdRegsFile)

NmiIntruptRegsFile 
*          1    00007060    00000007     UNINITIALIZED
                  00007060    00000007     F2837xD_GlobalVariableDefs.obj (NmiIntruptRegsFile)

XintRegsFile 
*          1    00007070    0000000b     UNINITIALIZED
                  00007070    0000000b     F2837xD_GlobalVariableDefs.obj (XintRegsFile)

SciaRegsFile 
*          1    00007200    00000010     UNINITIALIZED
                  00007200    00000010     F2837xD_GlobalVariableDefs.obj (SciaRegsFile)

ScibRegsFile 
*          1    00007210    00000010     UNINITIALIZED
                  00007210    00000010     F2837xD_GlobalVariableDefs.obj (ScibRegsFile)

ScicRegsFile 
*          1    00007220    00000010     UNINITIALIZED
                  00007220    00000010     F2837xD_GlobalVariableDefs.obj (ScicRegsFile)

ScidRegsFile 
*          1    00007230    00000010     UNINITIALIZED
                  00007230    00000010     F2837xD_GlobalVariableDefs.obj (ScidRegsFile)

InputXbarRegsFile 
*          1    00007900    00000020     UNINITIALIZED
                  00007900    00000020     F2837xD_GlobalVariableDefs.obj (InputXbarRegsFile)

XbarRegsFile 
*          1    00007920    0000000e     UNINITIALIZED
                  00007920    0000000e     F2837xD_GlobalVariableDefs.obj (XbarRegsFile)

SyncSocRegsFile 
*          1    00007940    00000006     UNINITIALIZED
                  00007940    00000006     F2837xD_GlobalVariableDefs.obj (SyncSocRegsFile)

EPwmXbarRegsFile 
*          1    00007a00    00000040     UNINITIALIZED
                  00007a00    00000040     F2837xD_GlobalVariableDefs.obj (EPwmXbarRegsFile)

ClbXbarRegsFile 
*          1    00007a40    00000040     UNINITIALIZED
                  00007a40    00000040     F2837xD_GlobalVariableDefs.obj (ClbXbarRegsFile)

OutputXbarRegsFile 
*          1    00007a80    00000040     UNINITIALIZED
                  00007a80    00000040     F2837xD_GlobalVariableDefs.obj (OutputXbarRegsFile)

GpioCtrlRegsFile 
*          1    00007c00    00000180     UNINITIALIZED
                  00007c00    00000180     F2837xD_GlobalVariableDefs.obj (GpioCtrlRegsFile)

GpioDataRegsFile 
*          1    00007f00    00000030     UNINITIALIZED
                  00007f00    00000030     F2837xD_GlobalVariableDefs.obj (GpioDataRegsFile)

IpcRegsFile 
*          1    00050000    00000024     UNINITIALIZED
                  00050000    00000024     F2837xD_GlobalVariableDefs.obj (IpcRegsFile)

FlashPumpSemaphoreRegsFile 
*          1    00050024    00000002     UNINITIALIZED
                  00050024    00000002     F2837xD_GlobalVariableDefs.obj (FlashPumpSemaphoreRegsFile)

RomPrefetchRegsFile 
*          1    0005e608    00000002     UNINITIALIZED
                  0005e608    00000002     F2837xD_GlobalVariableDefs.obj (RomPrefetchRegsFile)

DcsmZ1RegsFile 
*          1    0005f000    00000022     UNINITIALIZED
                  0005f000    00000022     F2837xD_GlobalVariableDefs.obj (DcsmZ1RegsFile)

DcsmZ2RegsFile 
*          1    0005f040    00000022     UNINITIALIZED
                  0005f040    00000022     F2837xD_GlobalVariableDefs.obj (DcsmZ2RegsFile)

DcsmCommonRegsFile 
*          1    0005f070    00000006     UNINITIALIZED
                  0005f070    00000006     F2837xD_GlobalVariableDefs.obj (DcsmCommonRegsFile)

DmaRegsFile 
*          1    00001000    000000e0     UNINITIALIZED
                  00001000    000000e0     F2837xD_GlobalVariableDefs.obj (DmaRegsFile)

DmaClaSrcSelRegsFile 
*          1    00007980    0000001a     UNINITIALIZED
                  00007980    0000001a     F2837xD_GlobalVariableDefs.obj (DmaClaSrcSelRegsFile)

Emif1RegsFile 
*          1    00047000    00000028     UNINITIALIZED
                  00047000    00000028     F2837xD_GlobalVariableDefs.obj (Emif1RegsFile)

Emif2RegsFile 
*          1    00047800    00000028     UNINITIALIZED
                  00047800    00000028     F2837xD_GlobalVariableDefs.obj (Emif2RegsFile)

MemCfgRegsFile 
*          1    0005f400    00000076     UNINITIALIZED
                  0005f400    00000076     F2837xD_GlobalVariableDefs.obj (MemCfgRegsFile)

Emif1ConfigRegsFile 
*          1    0005f480    0000000a     UNINITIALIZED
                  0005f480    0000000a     F2837xD_GlobalVariableDefs.obj (Emif1ConfigRegsFile)

Emif2ConfigRegsFile 
*          1    0005f4a0    0000000a     UNINITIALIZED
                  0005f4a0    0000000a     F2837xD_GlobalVariableDefs.obj (Emif2ConfigRegsFile)

AccessProtectionRegsFile 
*          1    0005f4c0    0000002e     UNINITIALIZED
                  0005f4c0    0000002e     F2837xD_GlobalVariableDefs.obj (AccessProtectionRegsFile)

MemoryErrorRegsFile 
*          1    0005f500    0000003a     UNINITIALIZED
                  0005f500    0000003a     F2837xD_GlobalVariableDefs.obj (MemoryErrorRegsFile)

RomWaitStateRegsFile 
*          1    0005f540    00000002     UNINITIALIZED
                  0005f540    00000002     F2837xD_GlobalVariableDefs.obj (RomWaitStateRegsFile)

Flash0CtrlRegsFile 
*          1    0005f800    00000182     UNINITIALIZED
                  0005f800    00000182     F2837xD_GlobalVariableDefs.obj (Flash0CtrlRegsFile)

Flash0EccRegsFile 
*          1    0005fb00    00000028     UNINITIALIZED
                  0005fb00    00000028     F2837xD_GlobalVariableDefs.obj (Flash0EccRegsFile)

DevCfgRegsFile 
*          1    0005d000    0000012e     UNINITIALIZED
                  0005d000    0000012e     F2837xD_GlobalVariableDefs.obj (DevCfgRegsFile)

ClkCfgRegsFile 
*          1    0005d200    00000032     UNINITIALIZED
                  0005d200    00000032     F2837xD_GlobalVariableDefs.obj (ClkCfgRegsFile)

CpuSysRegsFile 
*          1    0005d300    00000082     UNINITIALIZED
                  0005d300    00000082     F2837xD_GlobalVariableDefs.obj (CpuSysRegsFile)

.cinit     0    00085314    000002b3     
                  00085314    00000147     FOC_2_data.obj (.cinit)
                  0008545b    0000005b     xcp_ext_classic_trigger.obj (.cinit)
                  000854b6    0000004c     xcp_ext_common.obj (.cinit)
                  00085502    0000001e     xcp_daq.obj (.cinit)
                  00085520    00000014     xcp.obj (.cinit)
                  00085534    00000014     xcp_frame_serial.obj (.cinit)
                  00085548    0000000f     c2837xDBoard_Realtime_Support.obj (.cinit)
                  00085557    0000000f     xcp_standard.obj (.cinit)
                  00085566    0000000e     rts2800_fpu32.lib : exit.c.obj (.cinit)
                  00085574    00000009     xcp_mem_default.obj (.cinit:_xcpMemMainBlockSizes)
                  0008557d    00000009     xcp_mem_default.obj (.cinit:_xcpMemMainBlocksNumber)
                  00085586    00000008     xcp_drv_rtiostream.obj (.cinit)
                  0008558e    00000008     xcp_transport.obj (.cinit)
                  00085596    00000005     rts2800_fpu32.lib : _lock.c.obj (.cinit:__lock)
                  0008559b    00000005                       : _lock.c.obj (.cinit:__unlock)
                  000855a0    00000005     ert_main.obj (.cinit:_isRateRunning)
                  000855a5    00000005     ert_main.obj (.cinit:_need2runFlags)
                  000855aa    00000005     xcp_ext_common.obj (.cinit:_xcpCurrentSimulationTimeInTicks)
                  000855af    00000005     rtiostream_serial_c28x.obj (.cinit)
                  000855b4    00000005     xcp_calibration.obj (.cinit)
                  000855b9    00000004     MW_c28xGPIO.obj (.cinit)
                  000855bd    00000004     MW_c28xGlobalInterrupts.obj (.cinit)
                  000855c1    00000004     ert_main.obj (.cinit)
                  000855c5    00000002     --HOLE-- [fill = 0]

.pinit     0    00080004    00000000     UNINITIALIZED

.text      0    00080004    00005264     
                  00080004    000013b8     FOC_2.obj (.text)
                  000813bc    00000c2e     xcp_daq.obj (.text)
                  00081fea    00000585     F2837xD_DefaultISR.obj (.text:retain)
                  0008256f    000004aa     F2837xD_SysCtrl.obj (.text)
                  00082a19    0000047a     xcp_mem_default.obj (.text)
                  00082e93    000003bd     xcp.obj (.text)
                  00083250    000002ea     xcp_transport.obj (.text)
                  0008353a    000002da     F2837xD_Ipc_Driver_Lite.obj (.text)
                  00083814    0000029b     c2837xDBoard_Realtime_Support.obj (.text)
                  00083aaf    00000244     F2837xD_Gpio.obj (.text)
                  00083cf3    0000022a     xcp_standard.obj (.text)
                  00083f1d    0000020f     xcp_frame_serial.obj (.text)
                  0008412c    000001b6     xcp_ext_classic_trigger.obj (.text)
                  000842e2    00000186     xcp_ext_common.obj (.text)
                  00084468    0000016f     xcp_ext_mode.obj (.text)
                  000845d7    00000168     xcp_drv_rtiostream.obj (.text)
                  0008473f    00000151     rtiostream_serial_c28x.obj (.text)
                  00084890    0000011b     ert_main.obj (.text)
                  000849ab    000000f0     c2837xDBoard_Realtime_Support.obj (.text:retain)
                  00084a9b    000000d4     xcp_calibration.obj (.text)
                  00084b6f    000000b9     datamodify_xcp.obj (.text)
                  00084c28    000000ae     MW_c28xx_board.obj (.text)
                  00084cd6    00000092     rt_nonfinite.obj (.text)
                  00084d68    0000007c     F2837xD_CpuTimers.obj (.text)
                  00084de4    0000006f     c2837xDSchedulerTimer0.obj (.text)
                  00084e53    0000005f     xcp_fifo.obj (.text)
                  00084eb2    0000005a     xcp_utils.obj (.text)
                  00084f0c    00000059     rts2800_fpu32.lib : s_floorf.c.obj (.text)
                  00084f65    00000058                       : s_ceilf.c.obj (.text)
                  00084fbd    00000056                       : boot28.asm.obj (.text)
                  00085013    00000048     MW_c28xx_pwm.obj (.text)
                  0008505b    00000044     c2837xDSchedulerTimer0.obj (.text:retain)
                  0008509f    00000044     rtGetInf.obj (.text)
                  000850e3    00000031     MW_c28xGPIO.obj (.text)
                  00085114    0000002a     rtGetNaN.obj (.text)
                  0008513e    00000029     rts2800_fpu32.lib : exit.c.obj (.text)
                  00085167    00000028     F2837xD_PieCtrl.obj (.text)
                  0008518f    00000026     F2837xD_PieVect.obj (.text)
                  000851b5    00000024     rts2800_fpu32.lib : cpy_tbl.c.obj (.text)
                  000851d9    0000001f     xcp_ext_param_default_serial.obj (.text)
                  000851f8    0000001d     rts2800_fpu32.lib : memcpy.c.obj (.text)
                  00085215    00000014     MW_c28xGlobalInterrupts.obj (.text)
                  00085229    00000012     rts2800_fpu32.lib : args_main.c.obj (.text)
                  0008523b    0000000b                       : u_div28.asm.obj (.text)
                  00085246    00000009                       : _lock.c.obj (.text)
                  0008524f    00000008     F2837xD_CodeStartBranch.obj (.text)
                  00085257    00000007     memcpy_fast.obj (.text)
                  0008525e    00000007     rts2800_fpu32.lib : memset.c.obj (.text)
                  00085265    00000002                       : pre_init.c.obj (.text)
                  00085267    00000001                       : startup.c.obj (.text)

ramfuncs   0    00085268    0000006c     RUN ADDR = 00008000
                  00085268    00000043     rtiostream_serial_c28x.obj (ramfuncs:retain)
                  000852ab    00000029     datamodify_xcp.obj (ramfuncs)

.TI.ramfunc 
*          0    000852d4    0000003f     RUN ADDR = 0000806c
                  000852d4    00000037     F2837xD_SysCtrl.obj (.TI.ramfunc)
                  0008530b    00000004     F2837xD_usDelay.obj (.TI.ramfunc)
                  0008530f    00000004     sysctl.obj (.TI.ramfunc)

.econst    0    000855c8    0000024e     
                  000855c8    000001c0     F2837xD_PieVect.obj (.econst:_PieVectTableInit)
                  00085788    0000004e     xcp_daq.obj (.econst:_daqSupportedRxPacket)
                  000857d6    0000002a     xcp_standard.obj (.econst:_standardSupportedRxPacket)
                  00085800    0000000c     xcp_calibration.obj (.econst:_calibrationSupportedRxPacket)
                  0008580c    00000004     FOC_2.obj (.econst)
                  00085810    00000002     rtGetNaN.obj (.econst:_$P$T0$1)
                  00085812    00000002     rts2800_fpu32.lib : s_ceilf.c.obj (.econst)
                  00085814    00000002                       : s_floorf.c.obj (.econst)

.switch    0    00085818    00000060     
                  00085818    00000024     c2837xDBoard_Realtime_Support.obj (.switch:_CPU02toCPU01IPC0IntHandler)
                  0008583c    00000020     xcp.obj (.switch:_genericOutputPacketHandler)
                  0008585c    0000001c     c2837xDBoard_Realtime_Support.obj (.switch:_setInXBARForCPU2)

.stack     1    00000122    00000400     UNINITIALIZED
                  00000122    00000400     --HOLE--

.reset     0    003fffc0    00000002     DSECT
                  003fffc0    00000002     rts2800_fpu32.lib : boot28.asm.obj (.reset)

GETBUFFER 
*          0    0003f800    00000000     DSECT

GETWRITEIDX 
*          0    0003f800    00000000     DSECT

PUTREADIDX 
*          0    0003f800    00000000     DSECT

WRITEFLAG1CPU2 
*          0    0003f800    00000000     DSECT

WRITEFLAG2CPU2 
*          0    0003f800    00000000     DSECT

READFLAG1CPU2 
*          0    0003f800    00000000     DSECT

READFLAG2CPU2 
*          0    0003f800    00000000     DSECT

UidRegsFile 
*          1    00000002    00000010     UNINITIALIZED
                  00000002    00000010     F2837xD_GlobalVariableDefs.obj (UidRegsFile)

.ebss.1    1    0000e000    000012be     UNINITIALIZED
                  0000e000    00000c4d     xcp_mem_default.obj (.ebss:_xcpMemReservedPoolsChunk)
                  0000ec4d    00000001     MW_c28xGPIO.obj (.ebss)
                  0000ec4e    0000001e     FOC_2.obj (.ebss:_systemRan$3)
                  0000ec6c    0000000c     rt_nonfinite.obj (.ebss)
                  0000ec78    00000008     xcp.obj (.ebss:_groupPacketLookup)
                  0000ec80    0000029b     xcp_mem_default.obj (.ebss:_xcpMemMainChunk)
                  0000ef1b    00000001     MW_c28xGlobalInterrupts.obj (.ebss)
                  0000ef1c    0000001e     xcp_ext_common.obj (.ebss)
                  0000ef3a    00000006     xcp_ext_mode.obj (.ebss:_xcpCustomTriggerFunction)
                  0000ef40    0000014c     FOC_2.obj (.ebss)
                  0000f08c    0000001c     xcp_ext_classic_trigger.obj (.ebss)
                  0000f0a8    00000018     F2837xD_CpuTimers.obj (.ebss)
                  0000f0c0    00000144     FOC_2_data.obj (.ebss)
                  0000f204    00000018     xcp_daq.obj (.ebss)
                  0000f21c    00000008     xcp_transport.obj (.ebss:_txFifo)
                  0000f224    00000008     c2837xDBoard_Realtime_Support.obj (.ebss)
                  0000f22c    00000008     xcp_standard.obj (.ebss)
                  0000f234    00000006     xcp_mem_default.obj (.ebss:_xcpMemMainBlockSizes)
                  0000f23a    00000006     xcp_mem_default.obj (.ebss:_xcpMemMainBlocksNumber)
                  0000f240    00000048     xcp_mem_default.obj (.ebss:_xcpMemPoolDescriptors)
                  0000f288    00000006     rts2800_fpu32.lib : exit.c.obj (.ebss)
                  0000f28e    00000005     xcp.obj (.ebss)
                  0000f293    00000005     xcp_frame_serial.obj (.ebss)
                  0000f298    00000004     xcp_transport.obj (.ebss:_rxFifo)
                  0000f29c    00000004     xcp_ext_common.obj (.ebss:_xcpCurrentSimulationTimeInTicks)
                  0000f2a0    00000004     xcp_mem_default.obj (.ebss:_xcpMemCustomPoolDescriptors)
                  0000f2a4    00000004     xcp_mem_default.obj (.ebss)
                  0000f2a8    00000004     xcp_transport.obj (.ebss)
                  0000f2ac    00000003     ert_main.obj (.ebss)
                  0000f2af    00000001     --HOLE--
                  0000f2b0    00000002     rts2800_fpu32.lib : _lock.c.obj (.ebss:__lock)
                  0000f2b2    00000002                       : _lock.c.obj (.ebss:__unlock)
                  0000f2b4    00000002     ert_main.obj (.ebss:_isRateRunning)
                  0000f2b6    00000002     ert_main.obj (.ebss:_need2runFlags)
                  0000f2b8    00000002     rtiostream_serial_c28x.obj (.ebss)
                  0000f2ba    00000002     xcp_calibration.obj (.ebss)
                  0000f2bc    00000002     xcp_drv_rtiostream.obj (.ebss)

.ebss.2    1    0000f2c0    00000042     UNINITIALIZED
                  0000f2c0    00000042     datamodify_xcp.obj (.ebss)

MODULE SUMMARY

       Module                              code    initialized data   uninitialized data
       ------                              ----    ----------------   ------------------
    <current directory>
       F2837xD_GlobalVariableDefs.obj      0       0                  9870              
       FOC_2.obj                           5048    4                  362               
       xcp_mem_default.obj                 1146    18                 3908              
       xcp_daq.obj                         3118    108                24                
       F2837xD_DefaultISR.obj              1413    0                  0                 
       F2837xD_SysCtrl.obj                 1304    0                  0                 
       xcp.obj                             957     52                 13                
       c2837xDBoard_Realtime_Support.obj   907     79                 8                 
       xcp_transport.obj                   746     8                  16                
       F2837xD_Ipc_Driver_Lite.obj         730     0                  0                 
       FOC_2_data.obj                      0       327                324               
       xcp_standard.obj                    554     57                 8                 
       F2837xD_Gpio.obj                    580     0                  0                 
       xcp_ext_classic_trigger.obj         438     91                 28                
       xcp_frame_serial.obj                527     20                 5                 
       xcp_ext_common.obj                  390     81                 34                
       F2837xD_PieVect.obj                 38      448                0                 
       rtiostream_serial_c28x.obj          471     5                  2                 
       xcp_ext_mode.obj                    367     0                  6                 
       xcp_drv_rtiostream.obj              360     8                  2                 
       datamodify_xcp.obj                  267     0                  66                
       ert_main.obj                        283     14                 7                 
       xcp_calibration.obj                 212     17                 2                 
       c2837xDSchedulerTimer0.obj          179     0                  0                 
       MW_c28xx_board.obj                  174     0                  0                 
       rt_nonfinite.obj                    146     0                  12                
       F2837xD_CpuTimers.obj               124     0                  24                
       xcp_fifo.obj                        95      0                  0                 
       xcp_utils.obj                       90      0                  0                 
       MW_c28xx_pwm.obj                    72      0                  0                 
       rtGetInf.obj                        68      0                  0                 
       MW_c28xGPIO.obj                     49      4                  1                 
       rtGetNaN.obj                        42      2                  0                 
       F2837xD_PieCtrl.obj                 40      0                  0                 
       xcp_ext_param_default_serial.obj    31      0                  0                 
       MW_c28xGlobalInterrupts.obj         20      4                  1                 
       F2837xD_CodeStartBranch.obj         10      0                  0                 
       F2837xD_usDelay.obj                 8       0                  0                 
       sysctl.obj                          8       0                  0                 
       memcpy_fast.obj                     7       0                  0                 
    +--+-----------------------------------+-------+------------------+--------------------+
       Total:                              21019   1347               14723             
                                                                                        
    C:/PROGRA~3/MATLAB/tic2000/3P778C~1.INS/TIC28X~1.INS/TI-CGT~1.LTS/lib/rts2800_fpu32.lib
       s_floorf.c.obj                      89      2                  0                 
       s_ceilf.c.obj                       88      2                  0                 
       boot28.asm.obj                      86      0                  0                 
       exit.c.obj                          41      14                 6                 
       cpy_tbl.c.obj                       36      0                  0                 
       memcpy.c.obj                        29      0                  0                 
       _lock.c.obj                         9       10                 4                 
       args_main.c.obj                     18      0                  0                 
       u_div28.asm.obj                     11      0                  0                 
       memset.c.obj                        7       0                  0                 
       pre_init.c.obj                      2       0                  0                 
       startup.c.obj                       1       0                  0                 
    +--+-----------------------------------+-------+------------------+--------------------+
       Total:                              417     28                 10                
                                                                                        
       Stack:                              0       0                  1024              
    +--+-----------------------------------+-------+------------------+--------------------+
       Grand Total:                        21436   1375               15757             


GLOBAL DATA SYMBOLS: SORTED BY DATA PAGE

address     data page           name
--------    ----------------    ----
00000002       0 (00000000)     _UidRegs

00000122       4 (00000100)     __stack

00000b00      2c (00000b00)     _AdcaResultRegs
00000b20      2c (00000b00)     _AdcbResultRegs

00000b40      2d (00000b40)     _AdccResultRegs
00000b60      2d (00000b40)     _AdcdResultRegs

00000c00      30 (00000c00)     _CpuTimer0Regs
00000c08      30 (00000c00)     _CpuTimer1Regs
00000c10      30 (00000c00)     _CpuTimer2Regs

00000ce0      33 (00000cc0)     _PieCtrlRegs

00000d00      34 (00000d00)     _PieVectTable

00001000      40 (00001000)     _DmaRegs

00001400      50 (00001400)     _Cla1Regs

00003000      c0 (00003000)     _Clb1LogicCfgRegs

00003100      c4 (00003100)     _Clb1LogicCtrlRegs

00003200      c8 (00003200)     _Clb1DataExchRegs

00003400      d0 (00003400)     _Clb2LogicCfgRegs

00003500      d4 (00003500)     _Clb2LogicCtrlRegs

00003600      d8 (00003600)     _Clb2DataExchRegs

00003800      e0 (00003800)     _Clb3LogicCfgRegs

00003900      e4 (00003900)     _Clb3LogicCtrlRegs

00003a00      e8 (00003a00)     _Clb3DataExchRegs

00003c00      f0 (00003c00)     _Clb4LogicCfgRegs

00003d00      f4 (00003d00)     _Clb4LogicCtrlRegs

00003e00      f8 (00003e00)     _Clb4DataExchRegs

00004000     100 (00004000)     _EPwm1Regs

00004100     104 (00004100)     _EPwm2Regs

00004200     108 (00004200)     _EPwm3Regs

00004300     10c (00004300)     _EPwm4Regs

00004400     110 (00004400)     _EPwm5Regs

00004500     114 (00004500)     _EPwm6Regs

00004600     118 (00004600)     _EPwm7Regs

00004700     11c (00004700)     _EPwm8Regs

00004800     120 (00004800)     _EPwm9Regs

00004900     124 (00004900)     _EPwm10Regs

00004a00     128 (00004a00)     _EPwm11Regs

00004b00     12c (00004b00)     _EPwm12Regs

00005000     140 (00005000)     _ECap1Regs
00005020     140 (00005000)     _ECap2Regs

00005040     141 (00005040)     _ECap3Regs
00005060     141 (00005040)     _ECap4Regs

00005080     142 (00005080)     _ECap5Regs
000050a0     142 (00005080)     _ECap6Regs

00005100     144 (00005100)     _EQep1Regs

00005140     145 (00005140)     _EQep2Regs

00005180     146 (00005180)     _EQep3Regs

00005c00     170 (00005c00)     _DacaRegs
00005c10     170 (00005c00)     _DacbRegs
00005c20     170 (00005c00)     _DaccRegs

00005c80     172 (00005c80)     _Cmpss1Regs
00005ca0     172 (00005c80)     _Cmpss2Regs

00005cc0     173 (00005cc0)     _Cmpss3Regs
00005ce0     173 (00005cc0)     _Cmpss4Regs

00005d00     174 (00005d00)     _Cmpss5Regs
00005d20     174 (00005d00)     _Cmpss6Regs

00005d40     175 (00005d40)     _Cmpss7Regs
00005d60     175 (00005d40)     _Cmpss8Regs

00005e00     178 (00005e00)     _Sdfm1Regs

00005e80     17a (00005e80)     _Sdfm2Regs

00006000     180 (00006000)     _McbspaRegs

00006040     181 (00006040)     _McbspbRegs

00006100     184 (00006100)     _SpiaRegs
00006110     184 (00006100)     _SpibRegs
00006120     184 (00006100)     _SpicRegs

00006200     188 (00006200)     _UppRegs

00007000     1c0 (00007000)     _WdRegs

00007060     1c1 (00007040)     _NmiIntruptRegs
00007070     1c1 (00007040)     _XintRegs

00007200     1c8 (00007200)     _SciaRegs
00007210     1c8 (00007200)     _ScibRegs
00007220     1c8 (00007200)     _ScicRegs
00007230     1c8 (00007200)     _ScidRegs

00007300     1cc (00007300)     _I2caRegs

00007340     1cd (00007340)     _I2cbRegs

00007400     1d0 (00007400)     _AdcaRegs

00007480     1d2 (00007480)     _AdcbRegs

00007500     1d4 (00007500)     _AdccRegs

00007580     1d6 (00007580)     _AdcdRegs

00007900     1e4 (00007900)     _InputXbarRegs
00007920     1e4 (00007900)     _XbarRegs

00007940     1e5 (00007940)     _SyncSocRegs

00007980     1e6 (00007980)     _DmaClaSrcSelRegs

00007a00     1e8 (00007a00)     _EPwmXbarRegs

00007a40     1e9 (00007a40)     _ClbXbarRegs

00007a80     1ea (00007a80)     _OutputXbarRegs

00007c00     1f0 (00007c00)     _GpioCtrlRegs

00007f00     1fc (00007f00)     _GpioDataRegs

0000ec4d     3b1 (0000ec40)     _GPIO_oneTimeInit
0000ec6c     3b1 (0000ec40)     _rtInf
0000ec6e     3b1 (0000ec40)     _rtMinusInf
0000ec70     3b1 (0000ec40)     _rtNaN
0000ec72     3b1 (0000ec40)     _rtInfF
0000ec74     3b1 (0000ec40)     _rtMinusInfF
0000ec76     3b1 (0000ec40)     _rtNaNF

0000ef1b     3bc (0000ef00)     _MW_InterruptDisableLock
0000ef1c     3bc (0000ef00)     _xcpModelStartRequest
0000ef1d     3bc (0000ef00)     _xcpModelStopRequest
0000ef1e     3bc (0000ef00)     _xcpModelStatus
0000ef1f     3bc (0000ef00)     _xcpExtmodeSimulationComplete
0000ef22     3bc (0000ef00)     _xcpModelChecksum0
0000ef24     3bc (0000ef00)     _xcpModelChecksum1
0000ef26     3bc (0000ef00)     _xcpModelChecksum2
0000ef28     3bc (0000ef00)     _xcpModelChecksum3
0000ef2a     3bc (0000ef00)     _xcpModelIntegerCode
0000ef2c     3bc (0000ef00)     _xcpExtmodeFinalSimulationTime
0000ef2e     3bc (0000ef00)     _xcpDummyDoubleVariable

0000ef80     3be (0000ef80)     _FOC_2_B

0000f000     3c0 (0000f000)     _FOC_2_DW

0000f08c     3c2 (0000f080)     _xcpClassicTriggerEventId
0000f08d     3c2 (0000f080)     _xcpClassicTriggerSignalAddressExtension
0000f08e     3c2 (0000f080)     _xcpClassicTriggerDirection
0000f08f     3c2 (0000f080)     _xcpClassicTriggerArmRequest
0000f090     3c2 (0000f080)     _xcpClassicTriggerCancelRequest
0000f091     3c2 (0000f080)     _xcpClassicTriggerSource
0000f092     3c2 (0000f080)     _xcpClassicTriggerMode
0000f093     3c2 (0000f080)     _xcpClassicTriggerStatus
0000f09a     3c2 (0000f080)     _xcpClassicTriggerSignalAddress
0000f09c     3c2 (0000f080)     _xcpClassicTriggerLevel
0000f09e     3c2 (0000f080)     _xcpClassicTriggerDuration
0000f0a0     3c2 (0000f080)     _xcpClassicTriggerHoldOff
0000f0a2     3c2 (0000f080)     _xcpClassicTriggerDelay
0000f0a8     3c2 (0000f080)     _CpuTimer0
0000f0b0     3c2 (0000f080)     _CpuTimer1
0000f0b8     3c2 (0000f080)     _CpuTimer2

0000f0c0     3c3 (0000f0c0)     _FOC_2_P

0000f224     3c8 (0000f200)     _ErrorFlag
0000f226     3c8 (0000f200)     _CIPC0_INT_fptr
0000f228     3c8 (0000f200)     _mwInitStart
0000f22a     3c8 (0000f200)     _mwInitEnd

0000f288     3ca (0000f280)     ___TI_enable_exit_profile_output
0000f28a     3ca (0000f280)     ___TI_cleanup_ptr
0000f28c     3ca (0000f280)     ___TI_dtors_ptr
0000f29c     3ca (0000f280)     _xcpCurrentSimulationTimeInTicks
0000f2ac     3ca (0000f280)     _IsrOverrun
0000f2ad     3ca (0000f280)     _stopRequested
0000f2ae     3ca (0000f280)     _runModel
0000f2b0     3ca (0000f280)     __lock
0000f2b2     3ca (0000f280)     __unlock
0000f2b4     3ca (0000f280)     _isRateRunning
0000f2b6     3ca (0000f280)     _need2runFlags
0000f2b8     3ca (0000f280)     _MW_SCI_PTR

0000f2c0     3cb (0000f2c0)     _queRx

00047000    11c0 (00047000)     _Emif1Regs

00047800    11e0 (00047800)     _Emif2Regs

00048000    1200 (00048000)     _CanaRegs

0004a000    1280 (0004a000)     _CanbRegs

00050000    1400 (00050000)     _IpcRegs
00050024    1400 (00050000)     _FlashPumpSemaphoreRegs

0005d000    1740 (0005d000)     _DevCfgRegs

0005d180    1746 (0005d180)     _AnalogSubsysRegs

0005d200    1748 (0005d200)     _ClkCfgRegs

0005d300    174c (0005d300)     _CpuSysRegs

0005e608    1798 (0005e600)     _RomPrefetchRegs

0005f000    17c0 (0005f000)     _DcsmZ1Regs

0005f040    17c1 (0005f040)     _DcsmZ2Regs
0005f070    17c1 (0005f040)     _DcsmCommonRegs

0005f400    17d0 (0005f400)     _MemCfgRegs

0005f480    17d2 (0005f480)     _Emif1ConfigRegs
0005f4a0    17d2 (0005f480)     _Emif2ConfigRegs

0005f4c0    17d3 (0005f4c0)     _AccessProtectionRegs

0005f500    17d4 (0005f500)     _MemoryErrorRegs

0005f540    17d5 (0005f540)     _RomWaitStateRegs

0005f800    17e0 (0005f800)     _Flash0CtrlRegs

0005fb00    17ec (0005fb00)     _Flash0EccRegs

000855c8    2157 (000855c0)     _PieVectTableInit

0008580e    2160 (00085800)     _FOC_2_M


GLOBAL SYMBOLS: SORTED ALPHABETICALLY BY Name 

page  address   name                                            
----  -------   ----                                            
0     00080004  .text                                           
0     0008513e  C$$EXIT                                         
0     0008523b  U$$DIV                                          
0     00085240  U$$MOD                                          
0     000820a8  _ADCA1_ISR                                      
0     00082328  _ADCA2_ISR                                      
0     00082332  _ADCA3_ISR                                      
0     0008233c  _ADCA4_ISR                                      
0     0008231e  _ADCA_EVT_ISR                                   
0     000820b2  _ADCB1_ISR                                      
0     00082350  _ADCB2_ISR                                      
0     0008235a  _ADCB3_ISR                                      
0     00082364  _ADCB4_ISR                                      
0     00082346  _ADCB_EVT_ISR                                   
0     000820bc  _ADCC1_ISR                                      
0     000824b8  _ADCC2_ISR                                      
0     000824c2  _ADCC3_ISR                                      
0     000824cc  _ADCC4_ISR                                      
0     000824ae  _ADCC_EVT_ISR                                   
0     000820da  _ADCD1_ISR                                      
0     000824e0  _ADCD2_ISR                                      
0     000824ea  _ADCD3_ISR                                      
0     000824f4  _ADCD4_ISR                                      
0     000824d6  _ADCD_EVT_ISR                                   
0     00082530  _AUX_PLL_SLIP_ISR                               
1     0005f4c0  _AccessProtectionRegs                           
1     00007400  _AdcaRegs                                       
1     00000b00  _AdcaResultRegs                                 
1     00007480  _AdcbRegs                                       
1     00000b20  _AdcbResultRegs                                 
1     00007500  _AdccRegs                                       
1     00000b40  _AdccResultRegs                                 
1     00007580  _AdcdRegs                                       
1     00000b60  _AdcdResultRegs                                 
1     0005d180  _AnalogSubsysRegs                               
0     000829a8  _AuxAuxClkSel                                   
0     00082992  _AuxIntOsc2Sel                                  
0     0008299c  _AuxXtalOscSel                                  
0     00084bb8  _BytePacker16bits                               
0     00084b92  _BytePacker32bits                               
0     00084b6f  _BytePackerInplace32bits                        
0     000822f6  _CANA0_ISR                                      
0     00082300  _CANA1_ISR                                      
0     0008230a  _CANB0_ISR                                      
0     00082314  _CANB1_ISR                                      
1     0000f226  _CIPC0_INT_fptr                                 
0     0008236e  _CLA1_1_ISR                                     
0     00082378  _CLA1_2_ISR                                     
0     00082382  _CLA1_3_ISR                                     
0     0008238c  _CLA1_4_ISR                                     
0     00082396  _CLA1_5_ISR                                     
0     000823a0  _CLA1_6_ISR                                     
0     000823aa  _CLA1_7_ISR                                     
0     000823b4  _CLA1_8_ISR                                     
0     0008253a  _CLA_OVERFLOW_ISR                               
0     00082544  _CLA_UNDERFLOW_ISR                              
0     000849ab  _CPU02toCPU01IPC0IntHandler                     
1     00048000  _CanaRegs                                       
1     0004a000  _CanbRegs                                       
1     00001400  _Cla1Regs                                       
1     00003200  _Clb1DataExchRegs                               
1     00003000  _Clb1LogicCfgRegs                               
1     00003100  _Clb1LogicCtrlRegs                              
1     00003600  _Clb2DataExchRegs                               
1     00003400  _Clb2LogicCfgRegs                               
1     00003500  _Clb2LogicCtrlRegs                              
1     00003a00  _Clb3DataExchRegs                               
1     00003800  _Clb3LogicCfgRegs                               
1     00003900  _Clb3LogicCtrlRegs                              
1     00003e00  _Clb4DataExchRegs                               
1     00003c00  _Clb4LogicCfgRegs                               
1     00003d00  _Clb4LogicCtrlRegs                              
1     00007a40  _ClbXbarRegs                                    
1     0005d200  _ClkCfgRegs                                     
1     00005c80  _Cmpss1Regs                                     
1     00005ca0  _Cmpss2Regs                                     
1     00005cc0  _Cmpss3Regs                                     
1     00005ce0  _Cmpss4Regs                                     
1     00005d00  _Cmpss5Regs                                     
1     00005d20  _Cmpss6Regs                                     
1     00005d40  _Cmpss7Regs                                     
1     00005d60  _Cmpss8Regs                                     
0     00084da9  _ConfigCpuTimer                                 
0     000829fc  _ConfigureTMXAnalogTrim                         
1     0005d300  _CpuSysRegs                                     
1     0000f0a8  _CpuTimer0                                      
1     00000c00  _CpuTimer0Regs                                  
1     0000f0b0  _CpuTimer1                                      
1     00000c08  _CpuTimer1Regs                                  
1     0000f0b8  _CpuTimer2                                      
1     00000c10  _CpuTimer2Regs                                  
0     0008293d  _CsmUnlock                                      
0     00081ffe  _DATALOG_ISR                                    
0     00082242  _DMA_CH1_ISR                                    
0     0008224c  _DMA_CH2_ISR                                    
0     00082256  _DMA_CH3_ISR                                    
0     00082260  _DMA_CH4_ISR                                    
0     0008226a  _DMA_CH5_ISR                                    
0     00082274  _DMA_CH6_ISR                                    
1     00005c00  _DacaRegs                                       
1     00005c10  _DacbRegs                                       
1     00005c20  _DaccRegs                                       
1     0005f070  _DcsmCommonRegs                                 
1     0005f000  _DcsmZ1Regs                                     
1     0005f040  _DcsmZ2Regs                                     
0     0008380d  _DelayLoop                                      
1     0005d000  _DevCfgRegs                                     
0     00082652  _DisableDog                                     
0     00082613  _DisablePeripheralClocks                        
1     00007980  _DmaClaSrcSelRegs                               
1     00001000  _DmaRegs                                        
0     00082198  _ECAP1_ISR                                      
0     000821a2  _ECAP2_ISR                                      
0     000821ac  _ECAP3_ISR                                      
0     000821b6  _ECAP4_ISR                                      
0     000821c0  _ECAP5_ISR                                      
0     000821ca  _ECAP6_ISR                                      
1     00005000  _ECap1Regs                                      
1     00005020  _ECap2Regs                                      
1     00005040  _ECap3Regs                                      
1     00005060  _ECap4Regs                                      
1     00005080  _ECap5Regs                                      
1     000050a0  _ECap6Regs                                      
0     000824fe  _EMIF_ERROR_ISR                                 
0     00082558  _EMPTY_ISR                                      
0     00082012  _EMU_ISR                                        
0     00082454  _EPWM10_ISR                                     
0     0008242c  _EPWM10_TZ_ISR                                  
0     0008245e  _EPWM11_ISR                                     
0     00082436  _EPWM11_TZ_ISR                                  
0     00082468  _EPWM12_ISR                                     
0     00082440  _EPWM12_TZ_ISR                                  
0     00082148  _EPWM1_ISR                                      
0     000820f8  _EPWM1_TZ_ISR                                   
0     00082152  _EPWM2_ISR                                      
0     00082102  _EPWM2_TZ_ISR                                   
0     0008215c  _EPWM3_ISR                                      
0     0008210c  _EPWM3_TZ_ISR                                   
0     00082166  _EPWM4_ISR                                      
0     00082116  _EPWM4_TZ_ISR                                   
0     00082170  _EPWM5_ISR                                      
0     00082120  _EPWM5_TZ_ISR                                   
0     0008217a  _EPWM6_ISR                                      
0     0008212a  _EPWM6_TZ_ISR                                   
0     00082184  _EPWM7_ISR                                      
0     00082134  _EPWM7_TZ_ISR                                   
0     0008218e  _EPWM8_ISR                                      
0     0008213e  _EPWM8_TZ_ISR                                   
0     0008244a  _EPWM9_ISR                                      
0     00082422  _EPWM9_TZ_ISR                                   
1     00004900  _EPwm10Regs                                     
1     00004a00  _EPwm11Regs                                     
1     00004b00  _EPwm12Regs                                     
1     00004000  _EPwm1Regs                                      
1     00004100  _EPwm2Regs                                      
1     00004200  _EPwm3Regs                                      
1     00004300  _EPwm4Regs                                      
1     00004400  _EPwm5Regs                                      
1     00004500  _EPwm6Regs                                      
1     00004600  _EPwm7Regs                                      
1     00004700  _EPwm8Regs                                      
1     00004800  _EPwm9Regs                                      
1     00007a00  _EPwmXbarRegs                                   
0     000821d4  _EQEP1_ISR                                      
0     000821de  _EQEP2_ISR                                      
0     000821e8  _EQEP3_ISR                                      
1     00005100  _EQep1Regs                                      
1     00005140  _EQep2Regs                                      
1     00005180  _EQep3Regs                                      
1     0005f480  _Emif1ConfigRegs                                
1     00047000  _Emif1Regs                                      
1     0005f4a0  _Emif2ConfigRegs                                
1     00047800  _Emif2Regs                                      
0     00085186  _EnableInterrupts                               
1     0000f224  _ErrorFlag                                      
0     000080a3  _F28x_usDelay                                   
0     00082512  _FLASH_CORRECTABLE_ERROR_ISR                    
1     0000ef80  _FOC_2_B                                        
1     0000f000  _FOC_2_DW                                       
0     0008580e  _FOC_2_M                                        
1     0000f0c0  _FOC_2_P                                        
0     000800dd  _FOC_2_SetEventsForThisBaseStep                 
0     00080fbd  _FOC_2_initialize                               
0     00080184  _FOC_2_step0                                    
0     0008095a  _FOC_2_step1                                    
0     000813bb  _FOC_2_terminate                                
0     000823e6  _FPU_OVERFLOW_ISR                               
0     000823f0  _FPU_UNDERFLOW_ISR                              
0     0008010d  _F_SwitchCaseActionSubsystem                    
1     0005f800  _Flash0CtrlRegs                                 
1     0005fb00  _Flash0EccRegs                                  
0     00008095  _FlashOff                                       
1     00050024  _FlashPumpSemaphoreRegs                         
0     00083ca8  _GPIO_EnableUnbondedIOPullups                   
0     00083c83  _GPIO_EnableUnbondedIOPullupsFor100Pin          
0     00083c6a  _GPIO_EnableUnbondedIOPullupsFor176Pin          
0     00083cbe  _GPIO_ReadPin                                   
0     00083c0f  _GPIO_SetupLock                                 
0     00083aef  _GPIO_SetupPinMux                               
0     00083b7b  _GPIO_SetupPinOptions                           
0     00083c38  _GPIO_SetupXINT1Gpio                            
0     00083c42  _GPIO_SetupXINT2Gpio                            
0     00083c4c  _GPIO_SetupXINT3Gpio                            
0     00083c56  _GPIO_SetupXINT4Gpio                            
0     00083c60  _GPIO_SetupXINT5Gpio                            
0     000850ee  _GPIO_TogglePin                                 
0     00083cd5  _GPIO_WritePin                                  
1     0000ec4d  _GPIO_oneTimeInit                               
1     00007c00  _GpioCtrlRegs                                   
1     00007f00  _GpioDataRegs                                   
0     000829c6  _HALT                                           
0     000829df  _HIB                                            
0     00082288  _I2CA_FIFO_ISR                                  
0     0008227e  _I2CA_ISR                                       
0     0008229c  _I2CB_FIFO_ISR                                  
0     00082292  _I2CB_ISR                                       
1     00007300  _I2caRegs                                       
1     00007340  _I2cbRegs                                       
0     000829b2  _IDLE                                           
0     00082026  _ILLEGAL_ISR                                    
0     000823fa  _IPC0_ISR                                       
0     00082404  _IPC1_ISR                                       
0     0008240e  _IPC2_ISR                                       
0     00082418  _IPC3_ISR                                       
0     000835cc  _IPCLiteLtoRClearBits                           
0     000835f6  _IPCLiteLtoRClearBits_Protected                 
0     00083555  _IPCLiteLtoRDataRead                            
0     00083620  _IPCLiteLtoRDataWrite                           
0     00083645  _IPCLiteLtoRDataWrite_Protected                 
0     0008366a  _IPCLiteLtoRFunctionCall                        
0     0008353a  _IPCLiteLtoRGetResult                           
0     00083578  _IPCLiteLtoRSetBits                             
0     000835a2  _IPCLiteLtoRSetBits_Protected                   
0     00083686  _IPCLiteReqMemAccess                            
0     00083730  _IPCLiteRtoLClearBits                           
0     00083760  _IPCLiteRtoLClearBits_Protected                 
0     000836aa  _IPCLiteRtoLDataRead                            
0     00083793  _IPCLiteRtoLDataWrite                           
0     000837c0  _IPCLiteRtoLDataWrite_Protected                 
0     000837f0  _IPCLiteRtoLFunctionCall                        
0     000836d1  _IPCLiteRtoLSetBits                             
0     000836ff  _IPCLiteRtoLSetBits_Protected                   
0     0008284e  _InitAuxPll                                     
0     00084d68  _InitCpuTimers                                  
0     0000806c  _InitFlash                                      
0     00083aaf  _InitGpio                                       
0     0008258f  _InitPeripheralClocks                           
0     00085167  _InitPieCtrl                                    
0     0008518f  _InitPieVectTable                               
0     0008256f  _InitSysCtrl                                    
0     00082660  _InitSysPll                                     
1     00007900  _InputXbarRegs                                  
1     00050000  _IpcRegs                                        
1     0000f2ac  _IsrOverrun                                     
0     0008221a  _MCBSPA_RX_ISR                                  
0     00082224  _MCBSPA_TX_ISR                                  
0     0008222e  _MCBSPB_RX_ISR                                  
0     00082238  _MCBSPB_TX_ISR                                  
1     0000ef1b  _MW_InterruptDisableLock                        
0     00085313  _MW_RamfuncsLoadEnd                             
abs   0000003f  _MW_RamfuncsLoadSize                            
0     000852d4  _MW_RamfuncsLoadStart                           
0     000080ab  _MW_RamfuncsRunEnd                              
abs   0000003f  _MW_RamfuncsRunSize                             
0     0000806c  _MW_RamfuncsRunStart                            
1     0000f2b8  _MW_SCI_PTR                                     
1     00006000  _McbspaRegs                                     
1     00006040  _McbspbRegs                                     
1     0005f400  _MemCfgRegs                                     
1     0005f500  _MemoryErrorRegs                                
0     0008201c  _NMI_ISR                                        
0     00082565  _NOTUSED_ISR                                    
1     00007060  _NmiIntruptRegs                                 
0     000850e3  _OneTimeGpioInit                                
1     00007a80  _OutputXbarRegs                                 
0     0008254e  _PIE_RESERVED_ISR                               
1     00000ce0  _PieCtrlRegs                                    
1     00000d00  _PieVectTable                                   
0     000855c8  _PieVectTableInit                               
0     0008251c  _RAM_ACCESS_VIOLATION_ISR                       
0     00082508  _RAM_CORRECTABLE_ERROR_ISR                      
0     00082008  _RTOS_ISR                                       
0     000852d4  _RamfuncsLoadEnd                                
abs   0000006c  _RamfuncsLoadSize                               
0     00085268  _RamfuncsLoadStart                              
0     0000806c  _RamfuncsRunEnd                                 
abs   0000006c  _RamfuncsRunSize                                
0     00008000  _RamfuncsRunStart                               
0     0008263a  _ReleaseFlashPump                               
1     0005e608  _RomPrefetchRegs                                
1     0005f540  _RomWaitStateRegs                               
0     000822ce  _SCIA_RX_ISR                                    
0     000822d8  _SCIA_TX_ISR                                    
0     000822e2  _SCIB_RX_ISR                                    
0     000822ec  _SCIB_TX_ISR                                    
0     000822a6  _SCIC_RX_ISR                                    
0     000822b0  _SCIC_TX_ISR                                    
0     000822ba  _SCID_RX_ISR                                    
0     000822c4  _SCID_TX_ISR                                    
0     00008000  _SCIRXINT_isr                                   
0     00082472  _SD1_ISR                                        
0     0008247c  _SD2_ISR                                        
0     000821f2  _SPIA_RX_ISR                                    
0     000821fc  _SPIA_TX_ISR                                    
0     00082206  _SPIB_RX_ISR                                    
0     00082210  _SPIB_TX_ISR                                    
0     00082486  _SPIC_RX_ISR                                    
0     00082490  _SPIC_TX_ISR                                    
0     000829bb  _STANDBY                                        
0     00082526  _SYS_PLL_SLIP_ISR                               
1     00007200  _SciaRegs                                       
1     00007210  _ScibRegs                                       
1     00007220  _ScicRegs                                       
1     00007230  _ScidRegs                                       
1     00005e00  _Sdfm1Regs                                      
1     00005e80  _Sdfm2Regs                                      
0     0008262b  _SeizeFlashPump                                 
0     00082644  _ServiceDog                                     
0     00085106  _Set_GPIOPin                                    
1     00006100  _SpiaRegs                                       
1     00006110  _SpibRegs                                       
1     00006120  _SpicRegs                                       
1     00007940  _SyncSocRegs                                    
0     000080a7  _SysCtl_delay                                   
0     0008295e  _SysIntOsc1Sel                                  
0     0008296e  _SysIntOsc2Sel                                  
0     00082982  _SysXtalOscSel                                  
0     000820e4  _TIMER0_ISR                                     
0     00081fea  _TIMER1_ISR                                     
0     00081ff4  _TIMER2_ISR                                     
0     0008505b  _TINT0_isr                                      
0     0008249a  _UPPA_ISR                                       
0     000824a4  _USBA_ISR                                       
0     0008208a  _USER10_ISR                                     
0     00082094  _USER11_ISR                                     
0     0008209e  _USER12_ISR                                     
0     00082030  _USER1_ISR                                      
0     0008203a  _USER2_ISR                                      
0     00082044  _USER3_ISR                                      
0     0008204e  _USER4_ISR                                      
0     00082058  _USER5_ISR                                      
0     00082062  _USER6_ISR                                      
0     0008206c  _USER7_ISR                                      
0     00082076  _USER8_ISR                                      
0     00082080  _USER9_ISR                                      
1     00000002  _UidRegs                                        
1     00006200  _UppRegs                                        
0     000823dc  _VCU_ISR                                        
0     000820ee  _WAKE_ISR                                       
1     00007000  _WdRegs                                         
0     000820c6  _XINT1_ISR                                      
0     000820d0  _XINT2_ISR                                      
0     000823be  _XINT3_ISR                                      
0     000823c8  _XINT4_ISR                                      
0     000823d2  _XINT5_ISR                                      
1     00007920  _XbarRegs                                       
1     00007070  _XintRegs                                       
1     00000522  __STACK_END                                     
abs   00000400  __STACK_SIZE                                    
1     0000f28a  ___TI_cleanup_ptr                               
1     0000f28c  ___TI_dtors_ptr                                 
1     0000f288  ___TI_enable_exit_profile_output                
abs   ffffffff  ___TI_pprof_out_hndl                            
abs   ffffffff  ___TI_prof_data_size                            
abs   ffffffff  ___TI_prof_data_start                           
abs   ffffffff  ___binit__                                      
abs   ffffffff  ___c_args__                                     
0     00085314  ___cinit__                                      
0     00085268  ___etext__                                      
abs   ffffffff  ___pinit__                                      
0     00080004  ___text__                                       
0     00085229  __args_main                                     
1     0000f2b0  __lock                                          
0     0008524e  __nop                                           
0     0008524a  __register_lock                                 
0     00085246  __register_unlock                               
1     00000122  __stack                                         
0     00085267  __system_post_cinit                             
0     00085265  __system_pre_init                               
1     0000f2b2  __unlock                                        
0     0008513e  _abort                                          
0     00084c01  _addElement                                     
0     00083814  _c2000_flash_init                               
0     00084fbd  _c_int00                                        
0     00084f65  _ceil                                           
0     00084f65  _ceilf                                          
0     0008504d  _config_ePWMSyncSource                          
0     00085013  _config_ePWM_GPIO                               
0     00085045  _config_ePWM_TBSync                             
0     00084de4  _configureTimer0                                
0     000851b5  _copy_in                                        
0     00008043  _deleteElement                                  
0     00084e30  _disableTimer0Interrupt                         
0     00084e26  _enableTimer0Interrupt                          
0     00084795  _enable_interrupts_sci                          
0     00085140  _exit                                           
0     00084563  _extmodeBackgroundRun                           
0     0008451c  _extmodeEvent                                   
0     000845a9  _extmodeGetEventTriggerEnable                   
0     0008458c  _extmodeGetFinalSimulationTime                  
0     0008446f  _extmodeInit                                    
0     00084468  _extmodeParseArgs                               
0     0008456b  _extmodeReset                                   
0     000845c3  _extmodeSetEventTriggerEnable                   
0     000845a1  _extmodeSetFinalSimulationTime                  
0     00084588  _extmodeSimulationComplete                      
0     00084584  _extmodeStartRequested                          
0     00084580  _extmodeStopRequested                           
0     000844c9  _extmodeWaitForHostRequest                      
0     00084f0c  _floor                                          
0     00084f0c  _floorf                                         
0     00082fba  _genericOutputPacketHandler                     
0     00085221  _globalInterruptDisable                         
0     00085215  _globalInterruptEnable                          
0     00084bdb  _initQue                                        
0     0008382d  _initSetGPIOIPC                                 
[...]
0     00084109  _xcpFrameRestart                                
0     00084110  _xcpFrameSetCtoReservedMemPoolId                
0     00084117  _xcpFrameReset                                  
0     00084254  _xcpExtModeClassicTriggerInit                   
0     00084263  _xcpExtModeClassicTriggerEnabled                
0     000842a3  _xcpExtModeClassicTriggerReset                  
0     000842c3  _xcpExtModeClassicTriggerForceEnableStatusUpdate
0     000842e2  _xcp_void_printf                                
0     00084370  _xcpExtModeUpdateTime                           
0     00084377  _xcpExtModeGetUpdatedTimestamp                  
0     0008437e  _xcpGetTimestamp                                
0     00084395  _xcpExtModeGetSimulationTime                    
0     0008439c  _xcpExtModeInit                                 
0     000843c4  _xcpExtModeRunBackground                        
0     00084422  _xcpExtModeReset                                
0     00084468  _extmodeParseArgs                               
0     0008446f  _extmodeInit                                    
0     000844c9  _extmodeWaitForHostRequest                      
0     0008451c  _extmodeEvent                                   
0     00084563  _extmodeBackgroundRun                           
0     0008456b  _extmodeReset                                   
0     00084580  _extmodeStopRequested                           
0     00084584  _extmodeStartRequested                          
0     00084588  _extmodeSimulationComplete                      
0     0008458c  _extmodeGetFinalSimulationTime                  
0     000845a1  _extmodeSetFinalSimulationTime                  
0     000845a9  _extmodeGetEventTriggerEnable                   
0     000845c3  _extmodeSetEventTriggerEnable                   
0     000845d7  _xcpDrvOpen                                     
0     000845f1  _xcpDrvIoctl                                    
0     00084605  _xcpDrvSend                                     
0     00084673  _xcpDrvRecv                                     
0     000846e1  _xcpDrvRecvUnknownSize                          
0     00084724  _xcpDrvClose                                    
0     0008473f  _rtIOStreamOpen                                 
0     0008475d  _rtIOStreamClose                                
0     00084763  _rtIOStreamSend                                 
0     00084771  _rtIOStreamSend8Bits                            
0     0008477f  _rtIOStreamRecv                                 
0     00084795  _enable_interrupts_sci                          
0     000847a4  _init_sci_rtiostream                            
0     0008482d  _sci_rcv                                        
0     0008486b  _sci_xmit_external_mode                         
0     00084890  _rt_OneStep                                     
0     00084908  _main                                           
0     000849ab  _CPU02toCPU01IPC0IntHandler                     
0     00084b5d  _xcpCalibrationInit                             
0     00084b62  _xcpCalibrationGetPacketLookup                  
0     00084b66  _xcpCalibrationSetPacketLookup                  
0     00084b6e  _xcpCalibrationReset                            
0     00084b6f  _BytePackerInplace32bits                        
0     00084b92  _BytePacker32bits                               
0     00084bb8  _BytePacker16bits                               
0     00084bdb  _initQue                                        
0     00084be8  _isEmpty                                        
0     00084bf4  _isFull                                         
0     00084c01  _addElement                                     
0     00084c28  _init_board                                     
0     00084cd6  _rt_InitInfAndNaN                               
0     00084cfe  _rtIsInf                                        
0     00084d16  _rtIsInfF                                       
0     00084d2e  _rtIsNaN                                        
0     00084d51  _rtIsNaNF                                       
0     00084d68  _InitCpuTimers                                  
0     00084da9  _ConfigCpuTimer                                 
0     00084de4  _configureTimer0                                
0     00084e21  _stopTimer0                                     
0     00084e26  _enableTimer0Interrupt                          
0     00084e30  _disableTimer0Interrupt                         
0     00084e48  _restoreTimer0Interrupt                         
0     00084e53  _xcpFifoInit                                    
0     00084e5c  _xcpFifoEnqueue                                 
0     00084e6b  _xcpFifoDequeue                                 
0     00084e7e  _xcpFifoEnqueueHead                             
0     00084e8d  _xcpFifoSpliceHead                              
0     00084ea3  _xcpFifoEmpty                                   
0     00084eac  _xcpFifoReset                                   
0     00084eb2  _xcpSortArray                                   
0     00084f0c  _floor                                          
0     00084f0c  _floorf                                         
0     00084f65  _ceil                                           
0     00084f65  _ceilf                                          
0     00084fbd  _c_int00                                        
0     00085013  _config_ePWM_GPIO                               
0     00085045  _config_ePWM_TBSync                             
0     0008504d  _config_ePWMSyncSource                          
0     0008505b  _TINT0_isr                                      
0     0008509f  _rtGetInf                                       
0     000850b8  _rtGetInfF                                      
0     000850c1  _rtGetMinusInf                                  
0     000850da  _rtGetMinusInfF                                 
0     000850e3  _OneTimeGpioInit                                
0     000850ee  _GPIO_TogglePin                                 
0     00085106  _Set_GPIOPin                                    
0     00085114  _rtGetNaN                                       
0     0008512d  _rtGetNaNF                                      
0     0008513e  C$$EXIT                                         
0     0008513e  _abort                                          
0     00085140  _exit                                           
0     00085167  _InitPieCtrl                                    
0     00085186  _EnableInterrupts                               
0     0008518f  _InitPieVectTable                               
0     000851b5  _copy_in                                        
0     000851d9  _xcpExtModeParseArgs                            
0     000851de  _xcpTransportGetInitParameters                  
0     000851eb  _xcpGetInitParameters                           
0     000851f8  _memcpy                                         
0     00085215  _globalInterruptEnable                          
0     00085221  _globalInterruptDisable                         
0     00085229  __args_main                                     
0     0008523b  U$$DIV                                          
0     00085240  U$$MOD                                          
0     00085246  __register_unlock                               
0     0008524a  __register_lock                                 
0     0008524e  __nop                                           
0     00085257  _memcpy_fast                                    
0     0008525e  _memset                                         
0     00085265  __system_pre_init                               
0     00085267  __system_post_cinit                             
0     00085268  _RamfuncsLoadStart                              
0     00085268  ___etext__                                      
0     00085268  etext                                           
0     000852d4  _MW_RamfuncsLoadStart                           
0     000852d4  _RamfuncsLoadEnd                                
0     00085313  _MW_RamfuncsLoadEnd                             
0     00085314  ___cinit__                                      
0     00085314  cinit                                           
0     000855c8  _PieVectTableInit                               
0     0008580e  _FOC_2_M                                        
1     00000002  _UidRegs                                        
1     00000122  __stack                                         
1     00000522  __STACK_END                                     
1     00000b00  _AdcaResultRegs                                 
1     00000b20  _AdcbResultRegs                                 
1     00000b40  _AdccResultRegs                                 
1     00000b60  _AdcdResultRegs                                 
1     00000c00  _CpuTimer0Regs                                  
1     00000c08  _CpuTimer1Regs                                  
1     00000c10  _CpuTimer2Regs                                  
1     00000ce0  _PieCtrlRegs                                    
1     00000d00  _PieVectTable                                   
1     00001000  _DmaRegs                                        
1     00001400  _Cla1Regs                                       
1     00003000  _Clb1LogicCfgRegs                               
1     00003100  _Clb1LogicCtrlRegs                              
1     00003200  _Clb1DataExchRegs                               
1     00003400  _Clb2LogicCfgRegs                               
1     00003500  _Clb2LogicCtrlRegs                              
1     00003600  _Clb2DataExchRegs                               
1     00003800  _Clb3LogicCfgRegs                               
1     00003900  _Clb3LogicCtrlRegs                              
1     00003a00  _Clb3DataExchRegs                               
1     00003c00  _Clb4LogicCfgRegs                               
1     00003d00  _Clb4LogicCtrlRegs                              
1     00003e00  _Clb4DataExchRegs                               
1     00004000  _EPwm1Regs                                      
1     00004100  _EPwm2Regs                                      
1     00004200  _EPwm3Regs                                      
1     00004300  _EPwm4Regs                                      
1     00004400  _EPwm5Regs                                      
1     00004500  _EPwm6Regs                                      
1     00004600  _EPwm7Regs                                      
1     00004700  _EPwm8Regs                                      
1     00004800  _EPwm9Regs                                      
1     00004900  _EPwm10Regs                                     
1     00004a00  _EPwm11Regs                                     
1     00004b00  _EPwm12Regs                                     
1     00005000  _ECap1Regs                                      
1     00005020  _ECap2Regs                                      
1     00005040  _ECap3Regs                                      
1     00005060  _ECap4Regs                                      
1     00005080  _ECap5Regs                                      
1     000050a0  _ECap6Regs                                      
1     00005100  _EQep1Regs                                      
1     00005140  _EQep2Regs                                      
1     00005180  _EQep3Regs                                      
1     00005c00  _DacaRegs                                       
1     00005c10  _DacbRegs                                       
1     00005c20  _DaccRegs                                       
1     00005c80  _Cmpss1Regs                                     
1     00005ca0  _Cmpss2Regs                                     
1     00005cc0  _Cmpss3Regs                                     
1     00005ce0  _Cmpss4Regs                                     
1     00005d00  _Cmpss5Regs                                     
1     00005d20  _Cmpss6Regs                                     
1     00005d40  _Cmpss7Regs                                     
1     00005d60  _Cmpss8Regs                                     
1     00005e00  _Sdfm1Regs                                      
1     00005e80  _Sdfm2Regs                                      
1     00006000  _McbspaRegs                                     
1     00006040  _McbspbRegs                                     
1     00006100  _SpiaRegs                                       
1     00006110  _SpibRegs                                       
1     00006120  _SpicRegs                                       
1     00006200  _UppRegs                                        
1     00007000  _WdRegs                                         
1     00007060  _NmiIntruptRegs                                 
1     00007070  _XintRegs                                       
1     00007200  _SciaRegs                                       
1     00007210  _ScibRegs                                       
1     00007220  _ScicRegs                                       
1     00007230  _ScidRegs                                       
1     00007300  _I2caRegs                                       
1     00007340  _I2cbRegs                                       
1     00007400  _AdcaRegs                                       
1     00007480  _AdcbRegs                                       
1     00007500  _AdccRegs                                       
1     00007580  _AdcdRegs                                       
1     00007900  _InputXbarRegs                                  
1     00007920  _XbarRegs                                       
1     00007940  _SyncSocRegs                                    
1     00007980  _DmaClaSrcSelRegs                               
1     00007a00  _EPwmXbarRegs                                   
1     00007a40  _ClbXbarRegs                                    
1     00007a80  _OutputXbarRegs                                 
1     00007c00  _GpioCtrlRegs                                   
1     00007f00  _GpioDataRegs                                   
1     0000ec4d  _GPIO_oneTimeInit                               
1     0000ec6c  _rtInf                                          
1     0000ec6e  _rtMinusInf                                     
1     0000ec70  _rtNaN                                          
1     0000ec72  _rtInfF                                         
1     0000ec74  _rtMinusInfF                                    
1     0000ec76  _rtNaNF                                         
1     0000ef1b  _MW_InterruptDisableLock                        
1     0000ef1c  _xcpModelStartRequest                           
1     0000ef1d  _xcpModelStopRequest                            
1     0000ef1e  _xcpModelStatus                                 
1     0000ef1f  _xcpExtmodeSimulationComplete                   
1     0000ef22  _xcpModelChecksum0                              
1     0000ef24  _xcpModelChecksum1                              
1     0000ef26  _xcpModelChecksum2                              
1     0000ef28  _xcpModelChecksum3                              
1     0000ef2a  _xcpModelIntegerCode                            
1     0000ef2c  _xcpExtmodeFinalSimulationTime                  
1     0000ef2e  _xcpDummyDoubleVariable                         
1     0000ef80  _FOC_2_B                                        
1     0000f000  _FOC_2_DW                                       
1     0000f08c  _xcpClassicTriggerEventId                       
1     0000f08d  _xcpClassicTriggerSignalAddressExtension        
1     0000f08e  _xcpClassicTriggerDirection                     
1     0000f08f  _xcpClassicTriggerArmRequest                    
1     0000f090  _xcpClassicTriggerCancelRequest                 
1     0000f091  _xcpClassicTriggerSource                        
1     0000f092  _xcpClassicTriggerMode                          
1     0000f093  _xcpClassicTriggerStatus                        
1     0000f09a  _xcpClassicTriggerSignalAddress                 
1     0000f09c  _xcpClassicTriggerLevel                         
1     0000f09e  _xcpClassicTriggerDuration                      
1     0000f0a0  _xcpClassicTriggerHoldOff                       
1     0000f0a2  _xcpClassicTriggerDelay                         
1     0000f0a8  _CpuTimer0                                      
1     0000f0b0  _CpuTimer1                                      
1     0000f0b8  _CpuTimer2                                      
1     0000f0c0  _FOC_2_P                                        
1     0000f224  _ErrorFlag                                      
1     0000f226  _CIPC0_INT_fptr                                 
1     0000f228  _mwInitStart                                    
1     0000f22a  _mwInitEnd                                      
1     0000f288  ___TI_enable_exit_profile_output                
1     0000f28a  ___TI_cleanup_ptr                               
1     0000f28c  ___TI_dtors_ptr                                 
1     0000f29c  _xcpCurrentSimulationTimeInTicks                
1     0000f2ac  _IsrOverrun                                     
1     0000f2ad  _stopRequested                                  
1     0000f2ae  _runModel                                       
1     0000f2b0  __lock                                          
1     0000f2b2  __unlock                                        
1     0000f2b4  _isRateRunning                                  
1     0000f2b6  _need2runFlags                                  
1     0000f2b8  _MW_SCI_PTR                                     
1     0000f2c0  _queRx                                          
1     00047000  _Emif1Regs                                      
1     00047800  _Emif2Regs                                      
1     00048000  _CanaRegs                                       
1     0004a000  _CanbRegs                                       
1     00050000  _IpcRegs                                        
1     00050024  _FlashPumpSemaphoreRegs                         
1     0005d000  _DevCfgRegs                                     
1     0005d180  _AnalogSubsysRegs                               
1     0005d200  _ClkCfgRegs                                     
1     0005d300  _CpuSysRegs                                     
1     0005e608  _RomPrefetchRegs                                
1     0005f000  _DcsmZ1Regs                                     
1     0005f040  _DcsmZ2Regs                                     
1     0005f070  _DcsmCommonRegs                                 
1     0005f400  _MemCfgRegs                                     
1     0005f480  _Emif1ConfigRegs                                
1     0005f4a0  _Emif2ConfigRegs                                
1     0005f4c0  _AccessProtectionRegs                           
1     0005f500  _MemoryErrorRegs                                
1     0005f540  _RomWaitStateRegs                               
1     0005f800  _Flash0CtrlRegs                                 
1     0005fb00  _Flash0EccRegs                                  
abs   0000003f  _MW_RamfuncsLoadSize                            
abs   0000003f  _MW_RamfuncsRunSize                             
abs   0000006c  _RamfuncsLoadSize                               
abs   0000006c  _RamfuncsRunSize                                
abs   00000400  __STACK_SIZE                                    
abs   ffffffff  ___TI_pprof_out_hndl                            
abs   ffffffff  ___TI_prof_data_size                            
abs   ffffffff  ___TI_prof_data_start                           
abs   ffffffff  ___binit__                                      
abs   ffffffff  ___c_args__                                     
abs   ffffffff  ___pinit__                                      
abs   ffffffff  binit                                           
abs   ffffffff  pinit                                           

[614 symbols]
