******************************************************************************
             TMS320C2000 Linker PC v22.6.0                     
******************************************************************************
>> Linked Sat May 10 13:43:24 2025

OUTPUT FILE NAME:   <../open_loop_inverter_model_badry_sus.out>
ENTRY POINT SYMBOL: "_c_int00"  address: 000818b5


MEMORY CONFIGURATION

         name            origin    length      used     unused   attr    fill
----------------------  --------  ---------  --------  --------  ----  --------
PAGE 0:
  BEGIN                 00000000   00000002  00000000  00000002  RWIX
  RAMLS_PROG            00008000   00002000  0000003f  00001fc1  RWIX
  BEGIN_FLASH           00080000   00000002  00000002  00000000  RWIX
  FLASHA_N              00080002   0003fffe  00001d79  0003e285  RWIX
  RESET                 003fffc0   00000002  00000000  00000002  RWIX

PAGE 1:
  BOOT_RSVD             00000002   00000120  00000010  00000110  RWIX
  RAMM0M1               00000122   000006de  00000400  000002de  RWIX
  ADCARESULT            00000b00   00000018  00000018  00000000  RWIX
  ADCBRESULT            00000b20   00000018  00000018  00000000  RWIX
  ADCCRESULT            00000b40   00000018  00000018  00000000  RWIX
  ADCDRESULT            00000b60   00000018  00000018  00000000  RWIX
  CPU_TIMER0            00000c00   00000008  00000008  00000000  RWIX
  CPU_TIMER1            00000c08   00000008  00000008  00000000  RWIX
  CPU_TIMER2            00000c10   00000008  00000008  00000000  RWIX
  PIE_CTRL              00000ce0   00000020  0000001a  00000006  RWIX
  PIE_VECT              00000d00   00000200  000001c0  00000040  RWIX
  DMA                   00001000   00000200  000000e0  00000120  RWIX
  CLA1                  00001400   00000040  0000003e  00000002  RWIX
  CLA1_MSGRAMLOW        00001480   00000080  00000000  00000080  RWIX
  CLA1_MSGRAMHIGH       00001500   00000080  00000000  00000080  RWIX
  CLB1LOGICCFG          00003000   00000052  0000003e  00000014  RWIX
  CLB1LOGICCTRL         00003100   00000040  00000040  00000000  RWIX
  CLB1DATAEXCH          00003200   00000200  00000108  000000f8  RWIX
  CLB2LOGICCFG          00003400   00000052  0000003e  00000014  RWIX
  CLB2LOGICCTRL         00003500   00000040  00000040  00000000  RWIX
  CLB2DATAEXCH          00003600   00000200  00000108  000000f8  RWIX
  CLB3LOGICCFG          00003800   00000052  0000003e  00000014  RWIX
  CLB3LOGICCTRL         00003900   00000040  00000040  00000000  RWIX
  CLB3DATAEXCH          00003a00   00000200  00000108  000000f8  RWIX
  CLB4LOGICCFG          00003c00   00000052  0000003e  00000014  RWIX
  CLB4LOGICCTRL         00003d00   00000040  00000040  00000000  RWIX
  CLB4DATAEXCH          00003e00   00000200  00000108  000000f8  RWIX
  EPWM1                 00004000   00000100  00000100  00000000  RWIX
  EPWM2                 00004100   00000100  00000100  00000000  RWIX
  EPWM3                 00004200   00000100  00000100  00000000  RWIX
  EPWM4                 00004300   00000100  00000100  00000000  RWIX
  EPWM5                 00004400   00000100  00000100  00000000  RWIX
  EPWM6                 00004500   00000100  00000100  00000000  RWIX
  EPWM7                 00004600   00000100  00000100  00000000  RWIX
  EPWM8                 00004700   00000100  00000100  00000000  RWIX
  EPWM9                 00004800   00000100  00000100  00000000  RWIX
  EPWM10                00004900   00000100  00000100  00000000  RWIX
  EPWM11                00004a00   00000100  00000100  00000000  RWIX
  EPWM12                00004b00   00000100  00000100  00000000  RWIX
  ECAP1                 00005000   00000020  0000001a  00000006  RWIX
  ECAP2                 00005020   00000020  0000001a  00000006  RWIX
  ECAP3                 00005040   00000020  0000001a  00000006  RWIX
  ECAP4                 00005060   00000020  0000001a  00000006  RWIX
  ECAP5                 00005080   00000020  0000001a  00000006  RWIX
  ECAP6                 000050a0   00000020  0000001a  00000006  RWIX
  EQEP1                 00005100   00000040  00000022  0000001e  RWIX
  EQEP2                 00005140   00000040  00000022  0000001e  RWIX
  EQEP3                 00005180   00000040  00000022  0000001e  RWIX
  DACA                  00005c00   00000010  00000007  00000009  RWIX
  DACB                  00005c10   00000010  00000007  00000009  RWIX
  DACC                  00005c20   00000010  00000007  00000009  RWIX
  CMPSS1                00005c80   00000020  0000001b  00000005  RWIX
  CMPSS2                00005ca0   00000020  0000001b  00000005  RWIX
  CMPSS3                00005cc0   00000020  0000001b  00000005  RWIX
  CMPSS4                00005ce0   00000020  0000001b  00000005  RWIX
  CMPSS5                00005d00   00000020  0000001b  00000005  RWIX
  CMPSS6                00005d20   00000020  0000001b  00000005  RWIX
  CMPSS7                00005d40   00000020  0000001b  00000005  RWIX
  CMPSS8                00005d60   00000020  0000001b  00000005  RWIX
  SDFM1                 00005e00   00000080  00000048  00000038  RWIX
  SDFM2                 00005e80   00000080  00000048  00000038  RWIX
  MCBSPA                00006000   00000040  00000024  0000001c  RWIX
  MCBSPB                00006040   00000040  00000024  0000001c  RWIX
  SPIA                  00006100   00000010  00000010  00000000  RWIX
  SPIB                  00006110   00000010  00000010  00000000  RWIX
  SPIC                  00006120   00000010  00000010  00000000  RWIX
  SPID                  00006130   00000010  00000000  00000010  RWIX
  UPP                   00006200   00000100  00000048  000000b8  RWIX
  WD                    00007000   00000040  0000002b  00000015  RWIX
  NMIINTRUPT            00007060   00000010  00000007  00000009  RWIX
  XINT                  00007070   00000010  0000000b  00000005  RWIX
  SCIA                  00007200   00000010  00000010  00000000  RWIX
  SCIB                  00007210   00000010  00000010  00000000  RWIX
  SCIC                  00007220   00000010  00000010  00000000  RWIX
  SCID                  00007230   00000010  00000010  00000000  RWIX
  I2CA                  00007300   00000040  00000022  0000001e  RWIX
  I2CB                  00007340   00000040  00000022  0000001e  RWIX
  ADCA                  00007400   00000080  0000007c  00000004  RWIX
  ADCB                  00007480   00000080  0000007c  00000004  RWIX
  ADCC                  00007500   00000080  0000007c  00000004  RWIX
  ADCD                  00007580   00000080  0000007c  00000004  RWIX
  INPUT_XBAR            00007900   00000020  00000020  00000000  RWIX
  XBAR                  00007920   00000020  0000000e  00000012  RWIX
  SYNC_SOC              00007940   00000010  00000006  0000000a  RWIX
  DMACLASRCSEL          00007980   00000040  0000001a  00000026  RWIX
  EPWM_XBAR             00007a00   00000040  00000040  00000000  RWIX
  CLB_XBAR              00007a40   00000040  00000040  00000000  RWIX
  OUTPUT_XBAR           00007a80   00000040  00000040  00000000  RWIX
  GPIOCTRL              00007c00   00000180  00000180  00000000  RWIX
  GPIODAT               00007f00   00000030  00000030  00000000  RWIX
  RAMLS_DATA            0000a000   00001000  00000000  00001000  RWIX
  RAMD0D1               0000b000   00001000  00000000  00001000  RWIX
  RAMGS_IPCBuffCPU1     0000c000   00001000  00000000  00001000  RWIX
  RAMGS_IPCBuffCPU2     0000d000   00001000  00000000  00001000  RWIX
  RAMGS_DATA            0000e000   00007000  00000094  00006f6c  RWIX
  CPU2TOCPU1RAM         0003f800   00000400  00000000  00000400  RWIX
  CPU1TOCPU2RAM         0003fc00   00000400  00000000  00000400  RWIX
  EMIF1                 00047000   00000800  00000028  000007d8  RWIX
  EMIF2                 00047800   00000800  00000028  000007d8  RWIX
  CANA                  00048000   00000200  00000164  0000009c  RWIX
  CANB                  0004a000   00000200  00000164  0000009c  RWIX
  IPC                   00050000   00000024  00000024  00000000  RWIX
  FLASHPUMPSEMAPHORE    00050024   00000002  00000002  00000000  RWIX
  DEV_CFG               0005d000   00000180  0000012e  00000052  RWIX
  ANALOG_SUBSYS         0005d180   00000080  0000003e  00000042  RWIX
  CLK_CFG               0005d200   00000100  00000032  000000ce  RWIX
  CPU_SYS               0005d300   00000100  00000082  0000007e  RWIX
  ROMPREFETCH           0005e608   00000002  00000002  00000000  RWIX
  DCSM_Z1               0005f000   00000030  00000022  0000000e  RWIX
  DCSM_Z2               0005f040   00000030  00000022  0000000e  RWIX
  DCSM_COMMON           0005f070   00000010  00000006  0000000a  RWIX
  MEMCFG                0005f400   00000080  00000076  0000000a  RWIX
  EMIF1CONFIG           0005f480   00000020  0000000a  00000016  RWIX
  EMIF2CONFIG           0005f4a0   00000020  0000000a  00000016  RWIX
  ACCESSPROTECTION      0005f4c0   00000040  0000002e  00000012  RWIX
  MEMORYERROR           0005f500   00000040  0000003a  00000006  RWIX
  ROMWAITSTATE          0005f540   00000002  00000002  00000000  RWIX
  FLASH0_CTRL           0005f800   00000300  00000182  0000017e  RWIX
  FLASH0_ECC            0005fb00   00000040  00000028  00000018  RWIX
  DCSM_Z1_OTP           00078000   00000020  00000000  00000020  RWIX
  DCSM_Z2_OTP           00078200   00000020  00000000  00000020  RWIX


SECTION ALLOCATION MAP

 output                                  attributes/
section   page    origin      length       input sections
--------  ----  ----------  ----------   ----------------
ramfuncs   0    00008000    00000000     UNINITIALIZED

codestart 
*          0    00080000    00000002     
                  00080000    00000002     F2837xD_CodeStartBranch.obj (codestart)

AdcaResultRegsFile 
*          1    00000b00    00000018     UNINITIALIZED
                  00000b00    00000018     F2837xD_GlobalVariableDefs.obj (AdcaResultRegsFile)

AdcbResultRegsFile 
*          1    00000b20    00000018     UNINITIALIZED
                  00000b20    00000018     F2837xD_GlobalVariableDefs.obj (AdcbResultRegsFile)

AdccResultRegsFile 
*          1    00000b40    00000018     UNINITIALIZED
                  00000b40    00000018     F2837xD_GlobalVariableDefs.obj (AdccResultRegsFile)

AdcdResultRegsFile 
*          1    00000b60    00000018     UNINITIALIZED
                  00000b60    00000018     F2837xD_GlobalVariableDefs.obj (AdcdResultRegsFile)

CpuTimer0RegsFile 
*          1    00000c00    00000008     UNINITIALIZED
                  00000c00    00000008     F2837xD_GlobalVariableDefs.obj (CpuTimer0RegsFile)

CpuTimer1RegsFile 
*          1    00000c08    00000008     UNINITIALIZED
                  00000c08    00000008     F2837xD_GlobalVariableDefs.obj (CpuTimer1RegsFile)

CpuTimer2RegsFile 
*          1    00000c10    00000008     UNINITIALIZED
                  00000c10    00000008     F2837xD_GlobalVariableDefs.obj (CpuTimer2RegsFile)

PieCtrlRegsFile 
*          1    00000ce0    0000001a     UNINITIALIZED
                  00000ce0    0000001a     F2837xD_GlobalVariableDefs.obj (PieCtrlRegsFile)

PieVectTableFile 
*          1    00000d00    000001c0     UNINITIALIZED
                  00000d00    000001c0     F2837xD_GlobalVariableDefs.obj (PieVectTableFile)

EmuKeyVar 
*          1    00000d00    00000000     UNINITIALIZED

EmuBModeVar 
*          1    00000d00    00000000     UNINITIALIZED

FlashCallbackVar 
*          1    00000d00    00000000     UNINITIALIZED

FlashScalingVar 
*          1    00000d00    00000000     UNINITIALIZED

Cla1RegsFile 
*          1    00001400    0000003e     UNINITIALIZED
                  00001400    0000003e     F2837xD_GlobalVariableDefs.obj (Cla1RegsFile)

Clb1LogicCfgRegsFile 
*          1    00003000    0000003e     UNINITIALIZED
                  00003000    0000003e     F2837xD_GlobalVariableDefs.obj (Clb1LogicCfgRegsFile)

Clb1LogicCtrlRegsFile 
*          1    00003100    00000040     UNINITIALIZED
                  00003100    00000040     F2837xD_GlobalVariableDefs.obj (Clb1LogicCtrlRegsFile)

Clb2LogicCfgRegsFile 
*          1    00003400    0000003e     UNINITIALIZED
                  00003400    0000003e     F2837xD_GlobalVariableDefs.obj (Clb2LogicCfgRegsFile)

Clb2LogicCtrlRegsFile 
*          1    00003500    00000040     UNINITIALIZED
                  00003500    00000040     F2837xD_GlobalVariableDefs.obj (Clb2LogicCtrlRegsFile)

Clb3LogicCfgRegsFile 
*          1    00003800    0000003e     UNINITIALIZED
                  00003800    0000003e     F2837xD_GlobalVariableDefs.obj (Clb3LogicCfgRegsFile)

Clb3LogicCtrlRegsFile 
*          1    00003900    00000040     UNINITIALIZED
                  00003900    00000040     F2837xD_GlobalVariableDefs.obj (Clb3LogicCtrlRegsFile)

Clb4LogicCfgRegsFile 
*          1    00003c00    0000003e     UNINITIALIZED
                  00003c00    0000003e     F2837xD_GlobalVariableDefs.obj (Clb4LogicCfgRegsFile)

Clb4LogicCtrlRegsFile 
*          1    00003d00    00000040     UNINITIALIZED
                  00003d00    00000040     F2837xD_GlobalVariableDefs.obj (Clb4LogicCtrlRegsFile)

EPwm1RegsFile 
*          1    00004000    00000100     UNINITIALIZED
                  00004000    00000100     F2837xD_GlobalVariableDefs.obj (EPwm1RegsFile)

EPwm2RegsFile 
*          1    00004100    00000100     UNINITIALIZED
                  00004100    00000100     F2837xD_GlobalVariableDefs.obj (EPwm2RegsFile)

EPwm3RegsFile 
*          1    00004200    00000100     UNINITIALIZED
                  00004200    00000100     F2837xD_GlobalVariableDefs.obj (EPwm3RegsFile)

EPwm4RegsFile 
*          1    00004300    00000100     UNINITIALIZED
                  00004300    00000100     F2837xD_GlobalVariableDefs.obj (EPwm4RegsFile)

EPwm5RegsFile 
*          1    00004400    00000100     UNINITIALIZED
                  00004400    00000100     F2837xD_GlobalVariableDefs.obj (EPwm5RegsFile)

EPwm6RegsFile 
*          1    00004500    00000100     UNINITIALIZED
                  00004500    00000100     F2837xD_GlobalVariableDefs.obj (EPwm6RegsFile)

EPwm7RegsFile 
*          1    00004600    00000100     UNINITIALIZED
                  00004600    00000100     F2837xD_GlobalVariableDefs.obj (EPwm7RegsFile)

EPwm8RegsFile 
*          1    00004700    00000100     UNINITIALIZED
                  00004700    00000100     F2837xD_GlobalVariableDefs.obj (EPwm8RegsFile)

EPwm9RegsFile 
*          1    00004800    00000100     UNINITIALIZED
                  00004800    00000100     F2837xD_GlobalVariableDefs.obj (EPwm9RegsFile)

EPwm10RegsFile 
*          1    00004900    00000100     UNINITIALIZED
                  00004900    00000100     F2837xD_GlobalVariableDefs.obj (EPwm10RegsFile)

EPwm11RegsFile 
*          1    00004a00    00000100     UNINITIALIZED
                  00004a00    00000100     F2837xD_GlobalVariableDefs.obj (EPwm11RegsFile)

EPwm12RegsFile 
*          1    00004b00    00000100     UNINITIALIZED
                  00004b00    00000100     F2837xD_GlobalVariableDefs.obj (EPwm12RegsFile)

ECap1RegsFile 
*          1    00005000    0000001a     UNINITIALIZED
                  00005000    0000001a     F2837xD_GlobalVariableDefs.obj (ECap1RegsFile)

ECap2RegsFile 
*          1    00005020    0000001a     UNINITIALIZED
                  00005020    0000001a     F2837xD_GlobalVariableDefs.obj (ECap2RegsFile)

ECap3RegsFile 
*          1    00005040    0000001a     UNINITIALIZED
                  00005040    0000001a     F2837xD_GlobalVariableDefs.obj (ECap3RegsFile)

ECap4RegsFile 
*          1    00005060    0000001a     UNINITIALIZED
                  00005060    0000001a     F2837xD_GlobalVariableDefs.obj (ECap4RegsFile)

ECap5RegsFile 
*          1    00005080    0000001a     UNINITIALIZED
                  00005080    0000001a     F2837xD_GlobalVariableDefs.obj (ECap5RegsFile)

ECap6RegsFile 
*          1    000050a0    0000001a     UNINITIALIZED
                  000050a0    0000001a     F2837xD_GlobalVariableDefs.obj (ECap6RegsFile)

EQep1RegsFile 
*          1    00005100    00000022     UNINITIALIZED
                  00005100    00000022     F2837xD_GlobalVariableDefs.obj (EQep1RegsFile)

EQep2RegsFile 
*          1    00005140    00000022     UNINITIALIZED
                  00005140    00000022     F2837xD_GlobalVariableDefs.obj (EQep2RegsFile)

EQep3RegsFile 
*          1    00005180    00000022     UNINITIALIZED
                  00005180    00000022     F2837xD_GlobalVariableDefs.obj (EQep3RegsFile)

DacaRegsFile 
*          1    00005c00    00000007     UNINITIALIZED
                  00005c00    00000007     F2837xD_GlobalVariableDefs.obj (DacaRegsFile)

DacbRegsFile 
*          1    00005c10    00000007     UNINITIALIZED
                  00005c10    00000007     F2837xD_GlobalVariableDefs.obj (DacbRegsFile)

DaccRegsFile 
*          1    00005c20    00000007     UNINITIALIZED
                  00005c20    00000007     F2837xD_GlobalVariableDefs.obj (DaccRegsFile)

Cmpss1RegsFile 
*          1    00005c80    0000001b     UNINITIALIZED
                  00005c80    0000001b     F2837xD_GlobalVariableDefs.obj (Cmpss1RegsFile)

Cmpss2RegsFile 
*          1    00005ca0    0000001b     UNINITIALIZED
                  00005ca0    0000001b     F2837xD_GlobalVariableDefs.obj (Cmpss2RegsFile)

Cmpss3RegsFile 
*          1    00005cc0    0000001b     UNINITIALIZED
                  00005cc0    0000001b     F2837xD_GlobalVariableDefs.obj (Cmpss3RegsFile)

Cmpss4RegsFile 
*          1    00005ce0    0000001b     UNINITIALIZED
                  00005ce0    0000001b     F2837xD_GlobalVariableDefs.obj (Cmpss4RegsFile)

Cmpss5RegsFile 
*          1    00005d00    0000001b     UNINITIALIZED
                  00005d00    0000001b     F2837xD_GlobalVariableDefs.obj (Cmpss5RegsFile)

Cmpss6RegsFile 
*          1    00005d20    0000001b     UNINITIALIZED
                  00005d20    0000001b     F2837xD_GlobalVariableDefs.obj (Cmpss6RegsFile)

Cmpss7RegsFile 
*          1    00005d40    0000001b     UNINITIALIZED
                  00005d40    0000001b     F2837xD_GlobalVariableDefs.obj (Cmpss7RegsFile)

Cmpss8RegsFile 
*          1    00005d60    0000001b     UNINITIALIZED
                  00005d60    0000001b     F2837xD_GlobalVariableDefs.obj (Cmpss8RegsFile)

I2caRegsFile 
*          1    00007300    00000022     UNINITIALIZED
                  00007300    00000022     F2837xD_GlobalVariableDefs.obj (I2caRegsFile)

I2cbRegsFile 
*          1    00007340    00000022     UNINITIALIZED
                  00007340    00000022     F2837xD_GlobalVariableDefs.obj (I2cbRegsFile)

AdcaRegsFile 
*          1    00007400    0000007c     UNINITIALIZED
                  00007400    0000007c     F2837xD_GlobalVariableDefs.obj (AdcaRegsFile)

AdcbRegsFile 
*          1    00007480    0000007c     UNINITIALIZED
                  00007480    0000007c     F2837xD_GlobalVariableDefs.obj (AdcbRegsFile)

AdccRegsFile 
*          1    00007500    0000007c     UNINITIALIZED
                  00007500    0000007c     F2837xD_GlobalVariableDefs.obj (AdccRegsFile)

AdcdRegsFile 
*          1    00007580    0000007c     UNINITIALIZED
                  00007580    0000007c     F2837xD_GlobalVariableDefs.obj (AdcdRegsFile)

CanaRegsFile 
*          1    00048000    00000164     UNINITIALIZED
                  00048000    00000164     F2837xD_GlobalVariableDefs.obj (CanaRegsFile)

CanbRegsFile 
*          1    0004a000    00000164     UNINITIALIZED
                  0004a000    00000164     F2837xD_GlobalVariableDefs.obj (CanbRegsFile)

AnalogSubsysRegsFile 
*          1    0005d180    0000003e     UNINITIALIZED
                  0005d180    0000003e     F2837xD_GlobalVariableDefs.obj (AnalogSubsysRegsFile)

Cla1SoftIntRegsFile 
*          1    00000ce0    00000000     DSECT

Clb1DataExchRegsFile 
*          1    00003200    00000108     UNINITIALIZED
                  00003200    00000108     F2837xD_GlobalVariableDefs.obj (Clb1DataExchRegsFile)

Clb2DataExchRegsFile 
*          1    00003600    00000108     UNINITIALIZED
                  00003600    00000108     F2837xD_GlobalVariableDefs.obj (Clb2DataExchRegsFile)

Clb3DataExchRegsFile 
*          1    00003a00    00000108     UNINITIALIZED
                  00003a00    00000108     F2837xD_GlobalVariableDefs.obj (Clb3DataExchRegsFile)

Clb4DataExchRegsFile 
*          1    00003e00    00000108     UNINITIALIZED
                  00003e00    00000108     F2837xD_GlobalVariableDefs.obj (Clb4DataExchRegsFile)

Sdfm1RegsFile 
*          1    00005e00    00000048     UNINITIALIZED
                  00005e00    00000048     F2837xD_GlobalVariableDefs.obj (Sdfm1RegsFile)

Sdfm2RegsFile 
*          1    00005e80    00000048     UNINITIALIZED
                  00005e80    00000048     F2837xD_GlobalVariableDefs.obj (Sdfm2RegsFile)

McbspaRegsFile 
*          1    00006000    00000024     UNINITIALIZED
                  00006000    00000024     F2837xD_GlobalVariableDefs.obj (McbspaRegsFile)

McbspbRegsFile 
*          1    00006040    00000024     UNINITIALIZED
                  00006040    00000024     F2837xD_GlobalVariableDefs.obj (McbspbRegsFile)

SpiaRegsFile 
*          1    00006100    00000010     UNINITIALIZED
                  00006100    00000010     F2837xD_GlobalVariableDefs.obj (SpiaRegsFile)

SpibRegsFile 
*          1    00006110    00000010     UNINITIALIZED
                  00006110    00000010     F2837xD_GlobalVariableDefs.obj (SpibRegsFile)

SpicRegsFile 
*          1    00006120    00000010     UNINITIALIZED
                  00006120    00000010     F2837xD_GlobalVariableDefs.obj (SpicRegsFile)

UppRegsFile 
*          1    00006200    00000048     UNINITIALIZED
                  00006200    00000048     F2837xD_GlobalVariableDefs.obj (UppRegsFile)

WdRegsFile 
*          1    00007000    0000002b     UNINITIALIZED
                  00007000    0000002b     F2837xD_GlobalVariableDefs.obj (WdRegsFile)

NmiIntruptRegsFile 
*          1    00007060    00000007     UNINITIALIZED
                  00007060    00000007     F2837xD_GlobalVariableDefs.obj (NmiIntruptRegsFile)

XintRegsFile 
*          1    00007070    0000000b     UNINITIALIZED
                  00007070    0000000b     F2837xD_GlobalVariableDefs.obj (XintRegsFile)

SciaRegsFile 
*          1    00007200    00000010     UNINITIALIZED
                  00007200    00000010     F2837xD_GlobalVariableDefs.obj (SciaRegsFile)

ScibRegsFile 
*          1    00007210    00000010     UNINITIALIZED
                  00007210    00000010     F2837xD_GlobalVariableDefs.obj (ScibRegsFile)

ScicRegsFile 
*          1    00007220    00000010     UNINITIALIZED
                  00007220    00000010     F2837xD_GlobalVariableDefs.obj (ScicRegsFile)

ScidRegsFile 
*          1    00007230    00000010     UNINITIALIZED
                  00007230    00000010     F2837xD_GlobalVariableDefs.obj (ScidRegsFile)

InputXbarRegsFile 
*          1    00007900    00000020     UNINITIALIZED
                  00007900    00000020     F2837xD_GlobalVariableDefs.obj (InputXbarRegsFile)

XbarRegsFile 
*          1    00007920    0000000e     UNINITIALIZED
                  00007920    0000000e     F2837xD_GlobalVariableDefs.obj (XbarRegsFile)

SyncSocRegsFile 
*          1    00007940    00000006     UNINITIALIZED
                  00007940    00000006     F2837xD_GlobalVariableDefs.obj (SyncSocRegsFile)

EPwmXbarRegsFile 
*          1    00007a00    00000040     UNINITIALIZED
                  00007a00    00000040     F2837xD_GlobalVariableDefs.obj (EPwmXbarRegsFile)

ClbXbarRegsFile 
*          1    00007a40    00000040     UNINITIALIZED
                  00007a40    00000040     F2837xD_GlobalVariableDefs.obj (ClbXbarRegsFile)

OutputXbarRegsFile 
*          1    00007a80    00000040     UNINITIALIZED
                  00007a80    00000040     F2837xD_GlobalVariableDefs.obj (OutputXbarRegsFile)

GpioCtrlRegsFile 
*          1    00007c00    00000180     UNINITIALIZED
                  00007c00    00000180     F2837xD_GlobalVariableDefs.obj (GpioCtrlRegsFile)

GpioDataRegsFile 
*          1    00007f00    00000030     UNINITIALIZED
                  00007f00    00000030     F2837xD_GlobalVariableDefs.obj (GpioDataRegsFile)

IpcRegsFile 
*          1    00050000    00000024     UNINITIALIZED
                  00050000    00000024     F2837xD_GlobalVariableDefs.obj (IpcRegsFile)

FlashPumpSemaphoreRegsFile 
*          1    00050024    00000002     UNINITIALIZED
                  00050024    00000002     F2837xD_GlobalVariableDefs.obj (FlashPumpSemaphoreRegsFile)

RomPrefetchRegsFile 
*          1    0005e608    00000002     UNINITIALIZED
                  0005e608    00000002     F2837xD_GlobalVariableDefs.obj (RomPrefetchRegsFile)

DcsmZ1RegsFile 
*          1    0005f000    00000022     UNINITIALIZED
                  0005f000    00000022     F2837xD_GlobalVariableDefs.obj (DcsmZ1RegsFile)

DcsmZ2RegsFile 
*          1    0005f040    00000022     UNINITIALIZED
                  0005f040    00000022     F2837xD_GlobalVariableDefs.obj (DcsmZ2RegsFile)

DcsmCommonRegsFile 
*          1    0005f070    00000006     UNINITIALIZED
                  0005f070    00000006     F2837xD_GlobalVariableDefs.obj (DcsmCommonRegsFile)

DmaRegsFile 
*          1    00001000    000000e0     UNINITIALIZED
                  00001000    000000e0     F2837xD_GlobalVariableDefs.obj (DmaRegsFile)

DmaClaSrcSelRegsFile 
*          1    00007980    0000001a     UNINITIALIZED
                  00007980    0000001a     F2837xD_GlobalVariableDefs.obj (DmaClaSrcSelRegsFile)

Emif1RegsFile 
*          1    00047000    00000028     UNINITIALIZED
                  00047000    00000028     F2837xD_GlobalVariableDefs.obj (Emif1RegsFile)

Emif2RegsFile 
*          1    00047800    00000028     UNINITIALIZED
                  00047800    00000028     F2837xD_GlobalVariableDefs.obj (Emif2RegsFile)

MemCfgRegsFile 
*          1    0005f400    00000076     UNINITIALIZED
                  0005f400    00000076     F2837xD_GlobalVariableDefs.obj (MemCfgRegsFile)

Emif1ConfigRegsFile 
*          1    0005f480    0000000a     UNINITIALIZED
                  0005f480    0000000a     F2837xD_GlobalVariableDefs.obj (Emif1ConfigRegsFile)

Emif2ConfigRegsFile 
*          1    0005f4a0    0000000a     UNINITIALIZED
                  0005f4a0    0000000a     F2837xD_GlobalVariableDefs.obj (Emif2ConfigRegsFile)

AccessProtectionRegsFile 
*          1    0005f4c0    0000002e     UNINITIALIZED
                  0005f4c0    0000002e     F2837xD_GlobalVariableDefs.obj (AccessProtectionRegsFile)

MemoryErrorRegsFile 
*          1    0005f500    0000003a     UNINITIALIZED
                  0005f500    0000003a     F2837xD_GlobalVariableDefs.obj (MemoryErrorRegsFile)

RomWaitStateRegsFile 
*          1    0005f540    00000002     UNINITIALIZED
                  0005f540    00000002     F2837xD_GlobalVariableDefs.obj (RomWaitStateRegsFile)

Flash0CtrlRegsFile 
*          1    0005f800    00000182     UNINITIALIZED
                  0005f800    00000182     F2837xD_GlobalVariableDefs.obj (Flash0CtrlRegsFile)

Flash0EccRegsFile 
*          1    0005fb00    00000028     UNINITIALIZED
                  0005fb00    00000028     F2837xD_GlobalVariableDefs.obj (Flash0EccRegsFile)

DevCfgRegsFile 
*          1    0005d000    0000012e     UNINITIALIZED
                  0005d000    0000012e     F2837xD_GlobalVariableDefs.obj (DevCfgRegsFile)

ClkCfgRegsFile 
*          1    0005d200    00000032     UNINITIALIZED
                  0005d200    00000032     F2837xD_GlobalVariableDefs.obj (ClkCfgRegsFile)

CpuSysRegsFile 
*          1    0005d300    00000082     UNINITIALIZED
                  0005d300    00000082     F2837xD_GlobalVariableDefs.obj (CpuSysRegsFile)

.cinit     0    00081c9c    00000094     
                  00081c9c    0000005b     open_loop_inverter_model_badry_sus_data.obj (.cinit)
                  00081cf7    0000000f     c2837xDBoard_Realtime_Support.obj (.cinit)
                  00081d06    0000000e     rts2800_fpu32.lib : exit.c.obj (.cinit)
                  00081d14    00000008     ert_main.obj (.cinit)
                  00081d1c    00000005     rts2800_fpu32.lib : _lock.c.obj (.cinit:__lock)
                  00081d21    00000005                       : _lock.c.obj (.cinit:__unlock)
                  00081d26    00000004     MW_c28xGPIO.obj (.cinit)
                  00081d2a    00000004     MW_c28xGlobalInterrupts.obj (.cinit)
                  00081d2e    00000002     --HOLE-- [fill = 0]

.pinit     0    00080004    00000000     UNINITIALIZED

.text      0    00080004    00001a93     
                  00080004    00000585     F2837xD_DefaultISR.obj (.text:retain)
                  00080589    000004aa     F2837xD_SysCtrl.obj (.text)
                  00080a33    000003e1     open_loop_inverter_model_badry_sus.obj (.text)
                  00080e14    000002da     F2837xD_Ipc_Driver_Lite.obj (.text)
                  000810ee    0000029b     c2837xDBoard_Realtime_Support.obj (.text)
                  00081389    00000244     F2837xD_Gpio.obj (.text)
                  000815cd    000000f0     c2837xDBoard_Realtime_Support.obj (.text:retain)
                  000816bd    000000ae     MW_c28xx_board.obj (.text)
                  0008176b    0000007c     F2837xD_CpuTimers.obj (.text)
                  000817e7    0000006f     c2837xDSchedulerTimer0.obj (.text)
                  00081856    0000005f     ert_main.obj (.text)
                  000818b5    00000056     rts2800_fpu32.lib : boot28.asm.obj (.text)
                  0008190b    00000048     MW_c28xx_pwm.obj (.text)
                  00081953    00000044     c2837xDSchedulerTimer0.obj (.text:retain)
                  00081997    00000029     rts2800_fpu32.lib : exit.c.obj (.text)
                  000819c0    00000028     F2837xD_PieCtrl.obj (.text)
                  000819e8    00000026     F2837xD_PieVect.obj (.text)
                  00081a0e    00000024     rts2800_fpu32.lib : cpy_tbl.c.obj (.text)
                  00081a32    0000001d                       : memcpy.c.obj (.text)
                  00081a4f    00000014     MW_c28xGlobalInterrupts.obj (.text)
                  00081a63    00000012     rts2800_fpu32.lib : args_main.c.obj (.text)
                  00081a75    00000009                       : _lock.c.obj (.text)
                  00081a7e    00000008     F2837xD_CodeStartBranch.obj (.text)
                  00081a86    00000007     MW_c28xx_xbar.obj (.text)
                  00081a8d    00000007     memcpy_fast.obj (.text)
                  00081a94    00000002     rts2800_fpu32.lib : pre_init.c.obj (.text)
                  00081a96    00000001                       : startup.c.obj (.text)

.TI.ramfunc 
*          0    00081a98    0000003f     RUN ADDR = 00008000
                  00081a98    00000037     F2837xD_SysCtrl.obj (.TI.ramfunc)
                  00081acf    00000004     F2837xD_usDelay.obj (.TI.ramfunc)
                  00081ad3    00000004     sysctl.obj (.TI.ramfunc)

.econst    0    00081ad8    000001c2     
                  00081ad8    000001c0     F2837xD_PieVect.obj (.econst:_PieVectTableInit)
                  00081c98    00000002     open_loop_inverter_model_badry_sus.obj (.econst)

.switch    0    00081d30    00000040     
                  00081d30    00000024     c2837xDBoard_Realtime_Support.obj (.switch:_CPU02toCPU01IPC0IntHandler)
                  00081d54    0000001c     c2837xDBoard_Realtime_Support.obj (.switch:_setInXBARForCPU2)

IQmath     0    00081d70    00000011     
                  00081d70    00000011     IQmath_fpu32_coff.lib : IQ9mpyI32int.obj (IQmath)

.stack     1    00000122    00000400     UNINITIALIZED
                  00000122    00000400     --HOLE--

.reset     0    003fffc0    00000002     DSECT
                  003fffc0    00000002     rts2800_fpu32.lib : boot28.asm.obj (.reset)

GETBUFFER 
*          0    0003f800    00000000     DSECT

GETWRITEIDX 
*          0    0003f800    00000000     DSECT

PUTREADIDX 
*          0    0003f800    00000000     DSECT

WRITEFLAG1CPU2 
*          0    0003f800    00000000     DSECT

WRITEFLAG2CPU2 
*          0    0003f800    00000000     DSECT

READFLAG1CPU2 
*          0    0003f800    00000000     DSECT

READFLAG2CPU2 
*          0    0003f800    00000000     DSECT

UidRegsFile 
*          1    00000002    00000010     UNINITIALIZED
                  00000002    00000010     F2837xD_GlobalVariableDefs.obj (UidRegsFile)

.ebss      1    0000e000    00000094     UNINITIALIZED
                  0000e000    00000058     open_loop_inverter_model_badry_sus_data.obj (.ebss)
                  0000e058    00000018     F2837xD_CpuTimers.obj (.ebss)
                  0000e070    0000000c     open_loop_inverter_model_badry_sus.obj (.ebss)
                  0000e07c    00000004     ert_main.obj (.ebss)
                  0000e080    00000008     c2837xDBoard_Realtime_Support.obj (.ebss)
                  0000e088    00000006     rts2800_fpu32.lib : exit.c.obj (.ebss)
                  0000e08e    00000002                       : _lock.c.obj (.ebss:__lock)
                  0000e090    00000002                       : _lock.c.obj (.ebss:__unlock)
                  0000e092    00000001     MW_c28xGPIO.obj (.ebss)
                  0000e093    00000001     MW_c28xGlobalInterrupts.obj (.ebss)

MODULE SUMMARY

       Module                                        code   initialized data   uninitialized data
       ------                                        ----   ----------------   ------------------
    <current directory>
       F2837xD_GlobalVariableDefs.obj                0      0                  9870              
       F2837xD_DefaultISR.obj                        1413   0                  0                 
       F2837xD_SysCtrl.obj                           1304   0                  0                 
       open_loop_inverter_model_badry_sus.obj        993    2                  12                
       c2837xDBoard_Realtime_Support.obj             907    79                 8                 
       F2837xD_Ipc_Driver_Lite.obj                   730    0                  0                 
       F2837xD_Gpio.obj                              580    0                  0                 
       F2837xD_PieVect.obj                           38     448                0                 
       c2837xDSchedulerTimer0.obj                    179    0                  0                 
       open_loop_inverter_model_badry_sus_data.obj   0      91                 88                
       MW_c28xx_board.obj                            174    0                  0                 
       F2837xD_CpuTimers.obj                         124    0                  24                
       ert_main.obj                                  95     8                  4                 
       MW_c28xx_pwm.obj                              72     0                  0                 
       F2837xD_PieCtrl.obj                           40     0                  0                 
       MW_c28xGlobalInterrupts.obj                   20     4                  1                 
       F2837xD_CodeStartBranch.obj                   10     0                  0                 
       F2837xD_usDelay.obj                           8      0                  0                 
       sysctl.obj                                    8      0                  0                 
       MW_c28xx_xbar.obj                             7      0                  0                 
       memcpy_fast.obj                               7      0                  0                 
       MW_c28xGPIO.obj                               0      4                  1                 
    +--+---------------------------------------------+------+------------------+--------------------+
       Total:                                        6709   636                10008             
                                                                                                 
    C:/PROGRA~3/MATLAB/tic2000/3P778C~1.INS/TIC28X~1.INS/TI-CGT~1.LTS/lib/rts2800_fpu32.lib
       boot28.asm.obj                                86     0                  0                 
       exit.c.obj                                    41     14                 6                 
       cpy_tbl.c.obj                                 36     0                  0                 
       memcpy.c.obj                                  29     0                  0                 
       _lock.c.obj                                   9      10                 4                 
       args_main.c.obj                               18     0                  0                 
       pre_init.c.obj                                2      0                  0                 
       startup.c.obj                                 1      0                  0                 
    +--+---------------------------------------------+------+------------------+--------------------+
       Total:                                        222    24                 10                
                                                                                                 
    G:\DSP\C2000Ware\C2000Ware_5_04_00_00\libraries\math\IQmath\c28\lib\IQmath_fpu32_coff.lib
       IQ9mpyI32int.obj                              17     0                  0                 
    +--+---------------------------------------------+------+------------------+--------------------+
       Total:                                        17     0                  0                 
                                                                                                 
       Stack:                                        0      0                  1024              
    +--+---------------------------------------------+------+------------------+--------------------+
       Grand Total:                                  6948   660                11042             


GLOBAL DATA SYMBOLS: SORTED BY DATA PAGE

address     data page           name
--------    ----------------    ----
00000002       0 (00000000)     _UidRegs

00000122       4 (00000100)     __stack

00000b00      2c (00000b00)     _AdcaResultRegs
00000b20      2c (00000b00)     _AdcbResultRegs

00000b40      2d (00000b40)     _AdccResultRegs
00000b60      2d (00000b40)     _AdcdResultRegs

00000c00      30 (00000c00)     _CpuTimer0Regs
00000c08      30 (00000c00)     _CpuTimer1Regs
00000c10      30 (00000c00)     _CpuTimer2Regs

00000ce0      33 (00000cc0)     _PieCtrlRegs

00000d00      34 (00000d00)     _PieVectTable

00001000      40 (00001000)     _DmaRegs

00001400      50 (00001400)     _Cla1Regs

00003000      c0 (00003000)     _Clb1LogicCfgRegs

00003100      c4 (00003100)     _Clb1LogicCtrlRegs

00003200      c8 (00003200)     _Clb1DataExchRegs

00003400      d0 (00003400)     _Clb2LogicCfgRegs

00003500      d4 (00003500)     _Clb2LogicCtrlRegs

00003600      d8 (00003600)     _Clb2DataExchRegs

00003800      e0 (00003800)     _Clb3LogicCfgRegs

00003900      e4 (00003900)     _Clb3LogicCtrlRegs

00003a00      e8 (00003a00)     _Clb3DataExchRegs

00003c00      f0 (00003c00)     _Clb4LogicCfgRegs

00003d00      f4 (00003d00)     _Clb4LogicCtrlRegs

00003e00      f8 (00003e00)     _Clb4DataExchRegs

00004000     100 (00004000)     _EPwm1Regs

00004100     104 (00004100)     _EPwm2Regs

00004200     108 (00004200)     _EPwm3Regs

00004300     10c (00004300)     _EPwm4Regs

00004400     110 (00004400)     _EPwm5Regs

00004500     114 (00004500)     _EPwm6Regs

00004600     118 (00004600)     _EPwm7Regs

00004700     11c (00004700)     _EPwm8Regs

00004800     120 (00004800)     _EPwm9Regs

00004900     124 (00004900)     _EPwm10Regs

00004a00     128 (00004a00)     _EPwm11Regs

00004b00     12c (00004b00)     _EPwm12Regs

00005000     140 (00005000)     _ECap1Regs
00005020     140 (00005000)     _ECap2Regs

00005040     141 (00005040)     _ECap3Regs
00005060     141 (00005040)     _ECap4Regs

00005080     142 (00005080)     _ECap5Regs
000050a0     142 (00005080)     _ECap6Regs

00005100     144 (00005100)     _EQep1Regs

00005140     145 (00005140)     _EQep2Regs

00005180     146 (00005180)     _EQep3Regs

00005c00     170 (00005c00)     _DacaRegs
00005c10     170 (00005c00)     _DacbRegs
00005c20     170 (00005c00)     _DaccRegs

00005c80     172 (00005c80)     _Cmpss1Regs
00005ca0     172 (00005c80)     _Cmpss2Regs

00005cc0     173 (00005cc0)     _Cmpss3Regs
00005ce0     173 (00005cc0)     _Cmpss4Regs

00005d00     174 (00005d00)     _Cmpss5Regs
00005d20     174 (00005d00)     _Cmpss6Regs

00005d40     175 (00005d40)     _Cmpss7Regs
00005d60     175 (00005d40)     _Cmpss8Regs

00005e00     178 (00005e00)     _Sdfm1Regs

00005e80     17a (00005e80)     _Sdfm2Regs

00006000     180 (00006000)     _McbspaRegs

00006040     181 (00006040)     _McbspbRegs

00006100     184 (00006100)     _SpiaRegs
00006110     184 (00006100)     _SpibRegs
00006120     184 (00006100)     _SpicRegs

00006200     188 (00006200)     _UppRegs

00007000     1c0 (00007000)     _WdRegs

00007060     1c1 (00007040)     _NmiIntruptRegs
00007070     1c1 (00007040)     _XintRegs

00007200     1c8 (00007200)     _SciaRegs
00007210     1c8 (00007200)     _ScibRegs
00007220     1c8 (00007200)     _ScicRegs
00007230     1c8 (00007200)     _ScidRegs

00007300     1cc (00007300)     _I2caRegs

00007340     1cd (00007340)     _I2cbRegs

00007400     1d0 (00007400)     _AdcaRegs

00007480     1d2 (00007480)     _AdcbRegs

00007500     1d4 (00007500)     _AdccRegs

00007580     1d6 (00007580)     _AdcdRegs

00007900     1e4 (00007900)     _InputXbarRegs
00007920     1e4 (00007900)     _XbarRegs

00007940     1e5 (00007940)     _SyncSocRegs

00007980     1e6 (00007980)     _DmaClaSrcSelRegs

00007a00     1e8 (00007a00)     _EPwmXbarRegs

00007a40     1e9 (00007a40)     _ClbXbarRegs

00007a80     1ea (00007a80)     _OutputXbarRegs

00007c00     1f0 (00007c00)     _GpioCtrlRegs

00007f00     1fc (00007f00)     _GpioDataRegs

0000e000     380 (0000e000)     _open_loop_inverter_model_badr_P

0000e058     381 (0000e040)     _CpuTimer0
0000e060     381 (0000e040)     _CpuTimer1
0000e068     381 (0000e040)     _CpuTimer2
0000e072     381 (0000e040)     _open_loop_inverter_model_bad_DW
0000e07c     381 (0000e040)     _IsrOverrun
0000e07e     381 (0000e040)     _stopRequested
0000e07f     381 (0000e040)     _runModel

0000e080     382 (0000e080)     _ErrorFlag
0000e082     382 (0000e080)     _CIPC0_INT_fptr
0000e084     382 (0000e080)     _mwInitStart
0000e086     382 (0000e080)     _mwInitEnd
0000e088     382 (0000e080)     ___TI_enable_exit_profile_output
0000e08a     382 (0000e080)     ___TI_cleanup_ptr
0000e08c     382 (0000e080)     ___TI_dtors_ptr
0000e08e     382 (0000e080)     __lock
0000e090     382 (0000e080)     __unlock
0000e092     382 (0000e080)     _GPIO_oneTimeInit
0000e093     382 (0000e080)     _MW_InterruptDisableLock

00047000    11c0 (00047000)     _Emif1Regs

00047800    11e0 (00047800)     _Emif2Regs

00048000    1200 (00048000)     _CanaRegs

0004a000    1280 (0004a000)     _CanbRegs

00050000    1400 (00050000)     _IpcRegs
00050024    1400 (00050000)     _FlashPumpSemaphoreRegs

0005d000    1740 (0005d000)     _DevCfgRegs

0005d180    1746 (0005d180)     _AnalogSubsysRegs

0005d200    1748 (0005d200)     _ClkCfgRegs

0005d300    174c (0005d300)     _CpuSysRegs

0005e608    1798 (0005e600)     _RomPrefetchRegs

0005f000    17c0 (0005f000)     _DcsmZ1Regs

0005f040    17c1 (0005f040)     _DcsmZ2Regs
0005f070    17c1 (0005f040)     _DcsmCommonRegs

0005f400    17d0 (0005f400)     _MemCfgRegs

0005f480    17d2 (0005f480)     _Emif1ConfigRegs
0005f4a0    17d2 (0005f480)     _Emif2ConfigRegs

0005f4c0    17d3 (0005f4c0)     _AccessProtectionRegs

0005f500    17d4 (0005f500)     _MemoryErrorRegs

0005f540    17d5 (0005f540)     _RomWaitStateRegs

0005f800    17e0 (0005f800)     _Flash0CtrlRegs

0005fb00    17ec (0005fb00)     _Flash0EccRegs

00081ad8    206b (00081ac0)     _PieVectTableInit

00081c98    2072 (00081c80)     _open_loop_inverter_model_bad_M


GLOBAL SYMBOLS: SORTED ALPHABETICALLY BY Name 

page  address   name                                          
----  -------   ----                                          
0     00080004  .text                                         
0     00081997  C$$EXIT                                       
0     000800c2  _ADCA1_ISR                                    
0     00080342  _ADCA2_ISR                                    
0     0008034c  _ADCA3_ISR                                    
0     00080356  _ADCA4_ISR                                    
0     00080338  _ADCA_EVT_ISR                                 
0     000800cc  _ADCB1_ISR                                    
0     0008036a  _ADCB2_ISR                                    
0     00080374  _ADCB3_ISR                                    
0     0008037e  _ADCB4_ISR                                    
0     00080360  _ADCB_EVT_ISR                                 
0     000800d6  _ADCC1_ISR                                    
0     000804d2  _ADCC2_ISR                                    
0     000804dc  _ADCC3_ISR                                    
0     000804e6  _ADCC4_ISR                                    
0     000804c8  _ADCC_EVT_ISR                                 
0     000800f4  _ADCD1_ISR                                    
0     000804fa  _ADCD2_ISR                                    
0     00080504  _ADCD3_ISR                                    
0     0008050e  _ADCD4_ISR                                    
0     000804f0  _ADCD_EVT_ISR                                 
0     0008054a  _AUX_PLL_SLIP_ISR                             
1     0005f4c0  _AccessProtectionRegs                         
1     00007400  _AdcaRegs                                     
1     00000b00  _AdcaResultRegs                               
1     00007480  _AdcbRegs                                     
1     00000b20  _AdcbResultRegs                               
1     00007500  _AdccRegs                                     
1     00000b40  _AdccResultRegs                               
1     00007580  _AdcdRegs                                     
1     00000b60  _AdcdResultRegs                               
1     0005d180  _AnalogSubsysRegs                             
0     000809c2  _AuxAuxClkSel                                 
0     000809ac  _AuxIntOsc2Sel                                
0     000809b6  _AuxXtalOscSel                                
0     00080310  _CANA0_ISR                                    
0     0008031a  _CANA1_ISR                                    
0     00080324  _CANB0_ISR                                    
0     0008032e  _CANB1_ISR                                    
1     0000e082  _CIPC0_INT_fptr                               
0     00080388  _CLA1_1_ISR                                   
0     00080392  _CLA1_2_ISR                                   
0     0008039c  _CLA1_3_ISR                                   
0     000803a6  _CLA1_4_ISR                                   
0     000803b0  _CLA1_5_ISR                                   
0     000803ba  _CLA1_6_ISR                                   
0     000803c4  _CLA1_7_ISR                                   
0     000803ce  _CLA1_8_ISR                                   
0     00080554  _CLA_OVERFLOW_ISR                             
0     0008055e  _CLA_UNDERFLOW_ISR                            
0     000815cd  _CPU02toCPU01IPC0IntHandler                   
1     00048000  _CanaRegs                                     
1     0004a000  _CanbRegs                                     
1     00001400  _Cla1Regs                                     
1     00003200  _Clb1DataExchRegs                             
1     00003000  _Clb1LogicCfgRegs                             
1     00003100  _Clb1LogicCtrlRegs                            
1     00003600  _Clb2DataExchRegs                             
1     00003400  _Clb2LogicCfgRegs                             
1     00003500  _Clb2LogicCtrlRegs                            
1     00003a00  _Clb3DataExchRegs                             
1     00003800  _Clb3LogicCfgRegs                             
1     00003900  _Clb3LogicCtrlRegs                            
1     00003e00  _Clb4DataExchRegs                             
1     00003c00  _Clb4LogicCfgRegs                             
1     00003d00  _Clb4LogicCtrlRegs                            
1     00007a40  _ClbXbarRegs                                  
1     0005d200  _ClkCfgRegs                                   
1     00005c80  _Cmpss1Regs                                   
1     00005ca0  _Cmpss2Regs                                   
1     00005cc0  _Cmpss3Regs                                   
1     00005ce0  _Cmpss4Regs                                   
1     00005d00  _Cmpss5Regs                                   
1     00005d20  _Cmpss6Regs                                   
1     00005d40  _Cmpss7Regs                                   
1     00005d60  _Cmpss8Regs                                   
0     000817ac  _ConfigCpuTimer                               
0     00080a16  _ConfigureTMXAnalogTrim                       
1     0005d300  _CpuSysRegs                                   
1     0000e058  _CpuTimer0                                    
1     00000c00  _CpuTimer0Regs                                
1     0000e060  _CpuTimer1                                    
1     00000c08  _CpuTimer1Regs                                
1     0000e068  _CpuTimer2                                    
1     00000c10  _CpuTimer2Regs                                
0     00080957  _CsmUnlock                                    
0     00080018  _DATALOG_ISR                                  
0     0008025c  _DMA_CH1_ISR                                  
0     00080266  _DMA_CH2_ISR                                  
0     00080270  _DMA_CH3_ISR                                  
0     0008027a  _DMA_CH4_ISR                                  
0     00080284  _DMA_CH5_ISR                                  
0     0008028e  _DMA_CH6_ISR                                  
1     00005c00  _DacaRegs                                     
1     00005c10  _DacbRegs                                     
1     00005c20  _DaccRegs                                     
1     0005f070  _DcsmCommonRegs                               
1     0005f000  _DcsmZ1Regs                                   
1     0005f040  _DcsmZ2Regs                                   
0     000810e7  _DelayLoop                                    
1     0005d000  _DevCfgRegs                                   
0     0008066c  _DisableDog                                   
0     0008062d  _DisablePeripheralClocks                      
1     00007980  _DmaClaSrcSelRegs                             
1     00001000  _DmaRegs                                      
0     000801b2  _ECAP1_ISR                                    
0     000801bc  _ECAP2_ISR                                    
0     000801c6  _ECAP3_ISR                                    
0     000801d0  _ECAP4_ISR                                    
0     000801da  _ECAP5_ISR                                    
0     000801e4  _ECAP6_ISR                                    
1     00005000  _ECap1Regs                                    
1     00005020  _ECap2Regs                                    
1     00005040  _ECap3Regs                                    
1     00005060  _ECap4Regs                                    
1     00005080  _ECap5Regs                                    
1     000050a0  _ECap6Regs                                    
0     00080518  _EMIF_ERROR_ISR                               
0     00080572  _EMPTY_ISR                                    
0     0008002c  _EMU_ISR                                      
0     0008046e  _EPWM10_ISR                                   
0     00080446  _EPWM10_TZ_ISR                                
0     00080478  _EPWM11_ISR                                   
0     00080450  _EPWM11_TZ_ISR                                
0     00080482  _EPWM12_ISR                                   
0     0008045a  _EPWM12_TZ_ISR                                
0     00080162  _EPWM1_ISR                                    
0     00080112  _EPWM1_TZ_ISR                                 
0     0008016c  _EPWM2_ISR                                    
0     0008011c  _EPWM2_TZ_ISR                                 
0     00080176  _EPWM3_ISR                                    
0     00080126  _EPWM3_TZ_ISR                                 
0     00080180  _EPWM4_ISR                                    
0     00080130  _EPWM4_TZ_ISR                                 
0     0008018a  _EPWM5_ISR                                    
0     0008013a  _EPWM5_TZ_ISR                                 
0     00080194  _EPWM6_ISR                                    
0     00080144  _EPWM6_TZ_ISR                                 
0     0008019e  _EPWM7_ISR                                    
0     0008014e  _EPWM7_TZ_ISR                                 
0     000801a8  _EPWM8_ISR                                    
0     00080158  _EPWM8_TZ_ISR                                 
0     00080464  _EPWM9_ISR                                    
0     0008043c  _EPWM9_TZ_ISR                                 
1     00004900  _EPwm10Regs                                   
1     00004a00  _EPwm11Regs                                   
1     00004b00  _EPwm12Regs                                   
1     00004000  _EPwm1Regs                                    
1     00004100  _EPwm2Regs                                    
1     00004200  _EPwm3Regs                                    
1     00004300  _EPwm4Regs                                    
1     00004400  _EPwm5Regs                                    
1     00004500  _EPwm6Regs                                    
1     00004600  _EPwm7Regs                                    
1     00004700  _EPwm8Regs                                    
1     00004800  _EPwm9Regs                                    
1     00007a00  _EPwmXbarRegs                                 
0     000801ee  _EQEP1_ISR                                    
0     000801f8  _EQEP2_ISR                                    
0     00080202  _EQEP3_ISR                                    
1     00005100  _EQep1Regs                                    
1     00005140  _EQep2Regs                                    
1     00005180  _EQep3Regs                                    
1     0005f480  _Emif1ConfigRegs                              
1     00047000  _Emif1Regs                                    
1     0005f4a0  _Emif2ConfigRegs                              
1     00047800  _Emif2Regs                                    
0     000819df  _EnableInterrupts                             
1     0000e080  _ErrorFlag                                    
0     00008037  _F28x_usDelay                                 
0     0008052c  _FLASH_CORRECTABLE_ERROR_ISR                  
0     00080400  _FPU_OVERFLOW_ISR                             
0     0008040a  _FPU_UNDERFLOW_ISR                            
1     0005f800  _Flash0CtrlRegs                               
1     0005fb00  _Flash0EccRegs                                
0     00008029  _FlashOff                                     
1     00050024  _FlashPumpSemaphoreRegs                       
0     00081582  _GPIO_EnableUnbondedIOPullups                 
0     0008155d  _GPIO_EnableUnbondedIOPullupsFor100Pin        
0     00081544  _GPIO_EnableUnbondedIOPullupsFor176Pin        
0     00081598  _GPIO_ReadPin                                 
0     000814e9  _GPIO_SetupLock                               
0     000813c9  _GPIO_SetupPinMux                             
0     00081455  _GPIO_SetupPinOptions                         
0     00081512  _GPIO_SetupXINT1Gpio                          
0     0008151c  _GPIO_SetupXINT2Gpio                          
0     00081526  _GPIO_SetupXINT3Gpio                          
0     00081530  _GPIO_SetupXINT4Gpio                          
0     0008153a  _GPIO_SetupXINT5Gpio                          
0     000815af  _GPIO_WritePin                                
1     0000e092  _GPIO_oneTimeInit                             
1     00007c00  _GpioCtrlRegs                                 
1     00007f00  _GpioDataRegs                                 
0     000809e0  _HALT                                         
0     000809f9  _HIB                                          
0     000802a2  _I2CA_FIFO_ISR                                
0     00080298  _I2CA_ISR                                     
0     000802b6  _I2CB_FIFO_ISR                                
0     000802ac  _I2CB_ISR                                     
1     00007300  _I2caRegs                                     
1     00007340  _I2cbRegs                                     
0     000809cc  _IDLE                                         
0     00080040  _ILLEGAL_ISR                                  
0     00080414  _IPC0_ISR                                     
0     0008041e  _IPC1_ISR                                     
0     00080428  _IPC2_ISR                                     
0     00080432  _IPC3_ISR                                     
0     00080ea6  _IPCLiteLtoRClearBits                         
0     00080ed0  _IPCLiteLtoRClearBits_Protected               
0     00080e2f  _IPCLiteLtoRDataRead                          
0     00080efa  _IPCLiteLtoRDataWrite                         
0     00080f1f  _IPCLiteLtoRDataWrite_Protected               
0     00080f44  _IPCLiteLtoRFunctionCall                      
0     00080e14  _IPCLiteLtoRGetResult                         
0     00080e52  _IPCLiteLtoRSetBits                           
0     00080e7c  _IPCLiteLtoRSetBits_Protected                 
0     00080f60  _IPCLiteReqMemAccess                          
0     0008100a  _IPCLiteRtoLClearBits                         
0     0008103a  _IPCLiteRtoLClearBits_Protected               
0     00080f84  _IPCLiteRtoLDataRead                          
0     0008106d  _IPCLiteRtoLDataWrite                         
0     0008109a  _IPCLiteRtoLDataWrite_Protected               
0     000810ca  _IPCLiteRtoLFunctionCall                      
0     00080fab  _IPCLiteRtoLSetBits                           
0     00080fd9  _IPCLiteRtoLSetBits_Protected                 
0     00080868  _InitAuxPll                                   
0     0008176b  _InitCpuTimers                                
0     00008000  _InitFlash                                    
0     00081389  _InitGpio                                     
0     000805a9  _InitPeripheralClocks                         
0     000819c0  _InitPieCtrl                                  
0     000819e8  _InitPieVectTable                             
0     00080589  _InitSysCtrl                                  
0     0008067a  _InitSysPll                                   
1     00007900  _InputXbarRegs                                
1     00050000  _IpcRegs                                      
1     0000e07c  _IsrOverrun                                   
0     00080234  _MCBSPA_RX_ISR                                
0     0008023e  _MCBSPA_TX_ISR                                
0     00080248  _MCBSPB_RX_ISR                                
0     00080252  _MCBSPB_TX_ISR                                
1     0000e093  _MW_InterruptDisableLock                      
0     00081ad7  _MW_RamfuncsLoadEnd                           
abs   0000003f  _MW_RamfuncsLoadSize                          
0     00081a98  _MW_RamfuncsLoadStart                         
0     0000803f  _MW_RamfuncsRunEnd                            
abs   0000003f  _MW_RamfuncsRunSize                           
0     00008000  _MW_RamfuncsRunStart                          
1     00006000  _McbspaRegs                                   
1     00006040  _McbspbRegs                                   
1     0005f400  _MemCfgRegs                                   
1     0005f500  _MemoryErrorRegs                              
0     00080036  _NMI_ISR                                      
0     0008057f  _NOTUSED_ISR                                  
1     00007060  _NmiIntruptRegs                               
1     00007a80  _OutputXbarRegs                               
0     00080568  _PIE_RESERVED_ISR                             
1     00000ce0  _PieCtrlRegs                                  
1     00000d00  _PieVectTable                                 
0     00081ad8  _PieVectTableInit                             
0     00080536  _RAM_ACCESS_VIOLATION_ISR                     
0     00080522  _RAM_CORRECTABLE_ERROR_ISR                    
0     00080022  _RTOS_ISR                                     
0     00008000  _RamfuncsLoadEnd                              
abs   00000000  _RamfuncsLoadSize                             
0     00008000  _RamfuncsLoadStart                            
0     00008000  _RamfuncsRunEnd                               
abs   00000000  _RamfuncsRunSize                              
0     00008000  _RamfuncsRunStart                             
0     00080654  _ReleaseFlashPump                             
1     0005e608  _RomPrefetchRegs                              
1     0005f540  _RomWaitStateRegs                             
0     000802e8  _SCIA_RX_ISR                                  
0     000802f2  _SCIA_TX_ISR                                  
0     000802fc  _SCIB_RX_ISR                                  
0     00080306  _SCIB_TX_ISR                                  
0     000802c0  _SCIC_RX_ISR                                  
0     000802ca  _SCIC_TX_ISR                                  
0     000802d4  _SCID_RX_ISR                                  
0     000802de  _SCID_TX_ISR                                  
0     0008048c  _SD1_ISR                                      
0     00080496  _SD2_ISR                                      
0     0008020c  _SPIA_RX_ISR                                  
0     00080216  _SPIA_TX_ISR                                  
0     00080220  _SPIB_RX_ISR                                  
0     0008022a  _SPIB_TX_ISR                                  
0     000804a0  _SPIC_RX_ISR                                  
0     000804aa  _SPIC_TX_ISR                                  
0     000809d5  _STANDBY                                      
0     00080540  _SYS_PLL_SLIP_ISR                             
1     00007200  _SciaRegs                                     
1     00007210  _ScibRegs                                     
1     00007220  _ScicRegs                                     
1     00007230  _ScidRegs                                     
1     00005e00  _Sdfm1Regs                                    
1     00005e80  _Sdfm2Regs                                    
0     00080645  _SeizeFlashPump                               
0     0008065e  _ServiceDog                                   
1     00006100  _SpiaRegs                                     
1     00006110  _SpibRegs                                     
1     00006120  _SpicRegs                                     
1     00007940  _SyncSocRegs                                  
0     0000803b  _SysCtl_delay                                 
0     00080978  _SysIntOsc1Sel                                
0     00080988  _SysIntOsc2Sel                                
0     0008099c  _SysXtalOscSel                                
0     000800fe  _TIMER0_ISR                                   
0     00080004  _TIMER1_ISR                                   
0     0008000e  _TIMER2_ISR                                   
0     00081953  _TINT0_isr                                    
0     000804b4  _UPPA_ISR                                     
0     000804be  _USBA_ISR                                     
0     000800a4  _USER10_ISR                                   
0     000800ae  _USER11_ISR                                   
0     000800b8  _USER12_ISR                                   
0     0008004a  _USER1_ISR                                    
0     00080054  _USER2_ISR                                    
0     0008005e  _USER3_ISR                                    
0     00080068  _USER4_ISR                                    
0     00080072  _USER5_ISR                                    
0     0008007c  _USER6_ISR                                    
0     00080086  _USER7_ISR                                    
0     00080090  _USER8_ISR                                    
0     0008009a  _USER9_ISR                                    
1     00000002  _UidRegs                                      
1     00006200  _UppRegs                                      
0     000803f6  _VCU_ISR                                      
0     00080108  _WAKE_ISR                                     
1     00007000  _WdRegs                                       
0     000800e0  _XINT1_ISR                                    
0     000800ea  _XINT2_ISR                                    
0     000803d8  _XINT3_ISR                                    
0     000803e2  _XINT4_ISR                                    
0     000803ec  _XINT5_ISR                                    
1     00007920  _XbarRegs                                     
1     00007070  _XintRegs                                     
0     00081d70  __IQ9mpyI32int                                
1     00000522  __STACK_END                                   
abs   00000400  __STACK_SIZE                                  
1     0000e08a  ___TI_cleanup_ptr                             
1     0000e08c  ___TI_dtors_ptr                               
1     0000e088  ___TI_enable_exit_profile_output              
abs   ffffffff  ___TI_pprof_out_hndl                          
abs   ffffffff  ___TI_prof_data_size                          
abs   ffffffff  ___TI_prof_data_start                         
abs   ffffffff  ___binit__                                    
abs   ffffffff  ___c_args__                                   
0     00081c9c  ___cinit__                                    
0     00081a97  ___etext__                                    
abs   ffffffff  ___pinit__                                    
0     00080004  ___text__                                     
0     00081a63  __args_main                                   
1     0000e08e  __lock                                        
0     00081a7d  __nop                                         
0     00081a79  __register_lock                               
0     00081a75  __register_unlock                             
1     00000122  __stack                                       
0     00081a96  __system_post_cinit                           
0     00081a94  __system_pre_init                             
1     0000e090  __unlock                                      
0     00081997  _abort                                        
0     000810ee  _c2000_flash_init                             
0     000818b5  _c_int00                                      
0     00081945  _config_ePWMSyncSource                        
0     0008190b  _config_ePWM_GPIO                             
0     0008193d  _config_ePWM_TBSync                           
0     00081a86  _configureIXbar                               
0     000817e7  _configureTimer0                              
0     00081a0e  _copy_in                                      
0     00081833  _disableTimer0Interrupt                       
0     00081829  _enableTimer0Interrupt                        
0     00081999  _exit                                         
0     00081a5b  _globalInterruptDisable                       
0     00081a4f  _globalInterruptEnable                        
0     00081107  _initSetGPIOIPC                               
0     000816bd  _init_board                                   
0     00080a3e  _look1_binlcpw                                
0     0008186a  _main                                         
0     00081a32  _memcpy                                       
0     00081a8d  _memcpy_fast                                  
1     0000e086  _mwInitEnd                                    
1     0000e084  _mwInitStart                                  
1     0000e072  _open_loop_inverter_model_bad_DW              
0     00081c98  _open_loop_inverter_model_bad_M               
1     0000e000  _open_loop_inverter_model_badr_P              
0     00080c31  _open_loop_inverter_model_badry_sus_initialize
0     00080ac2  _open_loop_inverter_model_badry_sus_step      
0     00080e13  _open_loop_inverter_model_badry_sus_terminate 
0     0008184b  _restoreTimer0Interrupt                       
0     00081856  _rt_OneStep                                   
1     0000e07f  _runModel                                     
0     00081317  _setCLBXBARForCPU2                            
0     000812bf  _setEpwmXBARForCPU2                           
0     00081196  _setGPIOForCPU2                               
0     000811e9  _setInXBARForCPU2                             
0     00081252  _setOutXBARForCPU2                            
0     0008136a  _setSyncSocRegsForCPU2                        
1     0000e07e  _stopRequested                                
0     00081824  _stopTimer0                                   
abs   ffffffff  binit                                         
0     00081c9c  cinit                                         
0     00080000  code_start                                    
0     00081a97  etext                                         
abs   ffffffff  pinit                                         


GLOBAL SYMBOLS: SORTED BY Symbol Address 

page  address   name                                          
----  -------   ----                                          
0     00008000  _InitFlash                                    
0     00008000  _MW_RamfuncsRunStart                          
0     00008000  _RamfuncsLoadEnd                              
0     00008000  _RamfuncsLoadStart                            
0     00008000  _RamfuncsRunEnd                               
0     00008000  _RamfuncsRunStart                             
0     00008029  _FlashOff                                     
0     00008037  _F28x_usDelay                                 
0     0000803b  _SysCtl_delay                                 
0     0000803f  _MW_RamfuncsRunEnd                            
0     00080000  code_start                                    
0     00080004  .text                                         
0     00080004  _TIMER1_ISR                                   
0     00080004  ___text__                                     
0     0008000e  _TIMER2_ISR                                   
0     00080018  _DATALOG_ISR                                  
0     00080022  _RTOS_ISR                                     
0     0008002c  _EMU_ISR                                      
0     00080036  _NMI_ISR                                      
0     00080040  _ILLEGAL_ISR                                  
0     0008004a  _USER1_ISR                                    
0     00080054  _USER2_ISR                                    
0     0008005e  _USER3_ISR                                    
0     00080068  _USER4_ISR                                    
0     00080072  _USER5_ISR                                    
0     0008007c  _USER6_ISR                                    
0     00080086  _USER7_ISR                                    
0     00080090  _USER8_ISR                                    
0     0008009a  _USER9_ISR                                    
0     000800a4  _USER10_ISR                                   
0     000800ae  _USER11_ISR                                   
0     000800b8  _USER12_ISR                                   
0     000800c2  _ADCA1_ISR                                    
0     000800cc  _ADCB1_ISR                                    
0     000800d6  _ADCC1_ISR                                    
0     000800e0  _XINT1_ISR                                    
0     000800ea  _XINT2_ISR                                    
0     000800f4  _ADCD1_ISR                                    
0     000800fe  _TIMER0_ISR                                   
0     00080108  _WAKE_ISR                                     
0     00080112  _EPWM1_TZ_ISR                                 
0     0008011c  _EPWM2_TZ_ISR                                 
0     00080126  _EPWM3_TZ_ISR                                 
0     00080130  _EPWM4_TZ_ISR                                 
0     0008013a  _EPWM5_TZ_ISR                                 
0     00080144  _EPWM6_TZ_ISR                                 
0     0008014e  _EPWM7_TZ_ISR                                 
0     00080158  _EPWM8_TZ_ISR                                 
0     00080162  _EPWM1_ISR                                    
0     0008016c  _EPWM2_ISR                                    
0     00080176  _EPWM3_ISR                                    
0     00080180  _EPWM4_ISR                                    
0     0008018a  _EPWM5_ISR                                    
0     00080194  _EPWM6_ISR                                    
0     0008019e  _EPWM7_ISR                                    
0     000801a8  _EPWM8_ISR                                    
0     000801b2  _ECAP1_ISR                                    
0     000801bc  _ECAP2_ISR                                    
0     000801c6  _ECAP3_ISR                                    
0     000801d0  _ECAP4_ISR                                    
0     000801da  _ECAP5_ISR                                    
0     000801e4  _ECAP6_ISR                                    
0     000801ee  _EQEP1_ISR                                    
0     000801f8  _EQEP2_ISR                                    
0     00080202  _EQEP3_ISR                                    
0     0008020c  _SPIA_RX_ISR                                  
0     00080216  _SPIA_TX_ISR                                  
0     00080220  _SPIB_RX_ISR                                  
0     0008022a  _SPIB_TX_ISR                                  
0     00080234  _MCBSPA_RX_ISR                                
0     0008023e  _MCBSPA_TX_ISR                                
0     00080248  _MCBSPB_RX_ISR                                
0     00080252  _MCBSPB_TX_ISR                                
0     0008025c  _DMA_CH1_ISR                                  
0     00080266  _DMA_CH2_ISR                                  
0     00080270  _DMA_CH3_ISR                                  
0     0008027a  _DMA_CH4_ISR                                  
0     00080284  _DMA_CH5_ISR                                  
0     0008028e  _DMA_CH6_ISR                                  
0     00080298  _I2CA_ISR                                     
0     000802a2  _I2CA_FIFO_ISR                                
0     000802ac  _I2CB_ISR                                     
0     000802b6  _I2CB_FIFO_ISR                                
0     000802c0  _SCIC_RX_ISR                                  
0     000802ca  _SCIC_TX_ISR                                  
0     000802d4  _SCID_RX_ISR                                  
0     000802de  _SCID_TX_ISR                                  
0     000802e8  _SCIA_RX_ISR                                  
0     000802f2  _SCIA_TX_ISR                                  
0     000802fc  _SCIB_RX_ISR                                  
0     00080306  _SCIB_TX_ISR                                  
0     00080310  _CANA0_ISR                                    
0     0008031a  _CANA1_ISR                                    
0     00080324  _CANB0_ISR                                    
0     0008032e  _CANB1_ISR                                    
0     00080338  _ADCA_EVT_ISR                                 
0     00080342  _ADCA2_ISR                                    
0     0008034c  _ADCA3_ISR                                    
0     00080356  _ADCA4_ISR                                    
0     00080360  _ADCB_EVT_ISR                                 
0     0008036a  _ADCB2_ISR                                    
0     00080374  _ADCB3_ISR                                    
0     0008037e  _ADCB4_ISR                                    
0     00080388  _CLA1_1_ISR                                   
0     00080392  _CLA1_2_ISR                                   
0     0008039c  _CLA1_3_ISR                                   
0     000803a6  _CLA1_4_ISR                                   
0     000803b0  _CLA1_5_ISR                                   
0     000803ba  _CLA1_6_ISR                                   
0     000803c4  _CLA1_7_ISR                                   
0     000803ce  _CLA1_8_ISR                                   
0     000803d8  _XINT3_ISR                                    
0     000803e2  _XINT4_ISR                                    
0     000803ec  _XINT5_ISR                                    
0     000803f6  _VCU_ISR                                      
0     00080400  _FPU_OVERFLOW_ISR                             
0     0008040a  _FPU_UNDERFLOW_ISR                            
0     00080414  _IPC0_ISR                                     
0     0008041e  _IPC1_ISR                                     
0     00080428  _IPC2_ISR                                     
0     00080432  _IPC3_ISR                                     
0     0008043c  _EPWM9_TZ_ISR                                 
0     00080446  _EPWM10_TZ_ISR                                
0     00080450  _EPWM11_TZ_ISR                                
0     0008045a  _EPWM12_TZ_ISR                                
0     00080464  _EPWM9_ISR                                    
0     0008046e  _EPWM10_ISR                                   
0     00080478  _EPWM11_ISR                                   
0     00080482  _EPWM12_ISR                                   
0     0008048c  _SD1_ISR                                      
0     00080496  _SD2_ISR                                      
0     000804a0  _SPIC_RX_ISR                                  
0     000804aa  _SPIC_TX_ISR                                  
0     000804b4  _UPPA_ISR                                     
0     000804be  _USBA_ISR                                     
0     000804c8  _ADCC_EVT_ISR                                 
0     000804d2  _ADCC2_ISR                                    
0     000804dc  _ADCC3_ISR                                    
0     000804e6  _ADCC4_ISR                                    
0     000804f0  _ADCD_EVT_ISR                                 
0     000804fa  _ADCD2_ISR                                    
0     00080504  _ADCD3_ISR                                    
0     0008050e  _ADCD4_ISR                                    
0     00080518  _EMIF_ERROR_ISR                               
0     00080522  _RAM_CORRECTABLE_ERROR_ISR                    
0     0008052c  _FLASH_CORRECTABLE_ERROR_ISR                  
0     00080536  _RAM_ACCESS_VIOLATION_ISR                     
0     00080540  _SYS_PLL_SLIP_ISR                             
0     0008054a  _AUX_PLL_SLIP_ISR                             
0     00080554  _CLA_OVERFLOW_ISR                             
0     0008055e  _CLA_UNDERFLOW_ISR                            
0     00080568  _PIE_RESERVED_ISR                             
0     00080572  _EMPTY_ISR                                    
0     0008057f  _NOTUSED_ISR                                  
0     00080589  _InitSysCtrl                                  
0     000805a9  _InitPeripheralClocks                         
0     0008062d  _DisablePeripheralClocks                      
0     00080645  _SeizeFlashPump                               
0     00080654  _ReleaseFlashPump                             
0     0008065e  _ServiceDog                                   
0     0008066c  _DisableDog                                   
0     0008067a  _InitSysPll                                   
0     00080868  _InitAuxPll                                   
0     00080957  _CsmUnlock                                    
0     00080978  _SysIntOsc1Sel                                
0     00080988  _SysIntOsc2Sel                                
0     0008099c  _SysXtalOscSel                                
0     000809ac  _AuxIntOsc2Sel                                
0     000809b6  _AuxXtalOscSel                                
0     000809c2  _AuxAuxClkSel                                 
0     000809cc  _IDLE                                         
0     000809d5  _STANDBY                                      
0     000809e0  _HALT                                         
0     000809f9  _HIB                                          
0     00080a16  _ConfigureTMXAnalogTrim                       
0     00080a3e  _look1_binlcpw                                
0     00080ac2  _open_loop_inverter_model_badry_sus_step      
0     00080c31  _open_loop_inverter_model_badry_sus_initialize
0     00080e13  _open_loop_inverter_model_badry_sus_terminate 
0     00080e14  _IPCLiteLtoRGetResult                         
0     00080e2f  _IPCLiteLtoRDataRead                          
0     00080e52  _IPCLiteLtoRSetBits                           
0     00080e7c  _IPCLiteLtoRSetBits_Protected                 
0     00080ea6  _IPCLiteLtoRClearBits                         
0     00080ed0  _IPCLiteLtoRClearBits_Protected               
0     00080efa  _IPCLiteLtoRDataWrite                         
0     00080f1f  _IPCLiteLtoRDataWrite_Protected               
0     00080f44  _IPCLiteLtoRFunctionCall                      
0     00080f60  _IPCLiteReqMemAccess                          
0     00080f84  _IPCLiteRtoLDataRead                          
0     00080fab  _IPCLiteRtoLSetBits                           
0     00080fd9  _IPCLiteRtoLSetBits_Protected                 
0     0008100a  _IPCLiteRtoLClearBits                         
0     0008103a  _IPCLiteRtoLClearBits_Protected               
0     0008106d  _IPCLiteRtoLDataWrite                         
0     0008109a  _IPCLiteRtoLDataWrite_Protected               
0     000810ca  _IPCLiteRtoLFunctionCall                      
0     000810e7  _DelayLoop                                    
0     000810ee  _c2000_flash_init                             
0     00081107  _initSetGPIOIPC                               
0     00081196  _setGPIOForCPU2                               
0     000811e9  _setInXBARForCPU2                             
0     00081252  _setOutXBARForCPU2                            
0     000812bf  _setEpwmXBARForCPU2                           
0     00081317  _setCLBXBARForCPU2                            
0     0008136a  _setSyncSocRegsForCPU2                        
0     00081389  _InitGpio                                     
0     000813c9  _GPIO_SetupPinMux                             
0     00081455  _GPIO_SetupPinOptions                         
0     000814e9  _GPIO_SetupLock                               
0     00081512  _GPIO_SetupXINT1Gpio                          
0     0008151c  _GPIO_SetupXINT2Gpio                          
0     00081526  _GPIO_SetupXINT3Gpio                          
0     00081530  _GPIO_SetupXINT4Gpio                          
0     0008153a  _GPIO_SetupXINT5Gpio                          
0     00081544  _GPIO_EnableUnbondedIOPullupsFor176Pin        
0     0008155d  _GPIO_EnableUnbondedIOPullupsFor100Pin        
0     00081582  _GPIO_EnableUnbondedIOPullups                 
0     00081598  _GPIO_ReadPin                                 
0     000815af  _GPIO_WritePin                                
0     000815cd  _CPU02toCPU01IPC0IntHandler                   
0     000816bd  _init_board                                   
0     0008176b  _InitCpuTimers                                
0     000817ac  _ConfigCpuTimer                               
0     000817e7  _configureTimer0                              
0     00081824  _stopTimer0                                   
0     00081829  _enableTimer0Interrupt                        
0     00081833  _disableTimer0Interrupt                       
0     0008184b  _restoreTimer0Interrupt                       
0     00081856  _rt_OneStep                                   
0     0008186a  _main                                         
0     000818b5  _c_int00                                      
0     0008190b  _config_ePWM_GPIO                             
0     0008193d  _config_ePWM_TBSync                           
0     00081945  _config_ePWMSyncSource                        
0     00081953  _TINT0_isr                                    
0     00081997  C$$EXIT                                       
0     00081997  _abort                                        
0     00081999  _exit                                         
0     000819c0  _InitPieCtrl                                  
0     000819df  _EnableInterrupts                             
0     000819e8  _InitPieVectTable                             
0     00081a0e  _copy_in                                      
0     00081a32  _memcpy                                       
0     00081a4f  _globalInterruptEnable                        
0     00081a5b  _globalInterruptDisable                       
0     00081a63  __args_main                                   
0     00081a75  __register_unlock                             
0     00081a79  __register_lock                               
0     00081a7d  __nop                                         
0     00081a86  _configureIXbar                               
0     00081a8d  _memcpy_fast                                  
0     00081a94  __system_pre_init                             
0     00081a96  __system_post_cinit                           
0     00081a97  ___etext__                                    
0     00081a97  etext                                         
0     00081a98  _MW_RamfuncsLoadStart                         
0     00081ad7  _MW_RamfuncsLoadEnd                           
0     00081ad8  _PieVectTableInit                             
0     00081c98  _open_loop_inverter_model_bad_M               
0     00081c9c  ___cinit__                                    
0     00081c9c  cinit                                         
0     00081d70  __IQ9mpyI32int                                
1     00000002  _UidRegs                                      
1     00000122  __stack                                       
1     00000522  __STACK_END                                   
1     00000b00  _AdcaResultRegs                               
1     00000b20  _AdcbResultRegs                               
1     00000b40  _AdccResultRegs                               
1     00000b60  _AdcdResultRegs                               
1     00000c00  _CpuTimer0Regs                                
1     00000c08  _CpuTimer1Regs                                
1     00000c10  _CpuTimer2Regs                                
1     00000ce0  _PieCtrlRegs                                  
1     00000d00  _PieVectTable                                 
1     00001000  _DmaRegs                                      
1     00001400  _Cla1Regs                                     
1     00003000  _Clb1LogicCfgRegs                             
1     00003100  _Clb1LogicCtrlRegs                            
1     00003200  _Clb1DataExchRegs                             
1     00003400  _Clb2LogicCfgRegs                             
1     00003500  _Clb2LogicCtrlRegs                            
1     00003600  _Clb2DataExchRegs                             
1     00003800  _Clb3LogicCfgRegs                             
1     00003900  _Clb3LogicCtrlRegs                            
1     00003a00  _Clb3DataExchRegs                             
1     00003c00  _Clb4LogicCfgRegs                             
1     00003d00  _Clb4LogicCtrlRegs                            
1     00003e00  _Clb4DataExchRegs                             
1     00004000  _EPwm1Regs                                    
1     00004100  _EPwm2Regs                                    
1     00004200  _EPwm3Regs                                    
1     00004300  _EPwm4Regs                                    
1     00004400  _EPwm5Regs                                    
1     00004500  _EPwm6Regs                                    
1     00004600  _EPwm7Regs                                    
1     00004700  _EPwm8Regs                                    
1     00004800  _EPwm9Regs                                    
1     00004900  _EPwm10Regs                                   
1     00004a00  _EPwm11Regs                                   
1     00004b00  _EPwm12Regs                                   
1     00005000  _ECap1Regs                                    
1     00005020  _ECap2Regs                                    
1     00005040  _ECap3Regs                                    
1     00005060  _ECap4Regs                                    
1     00005080  _ECap5Regs                                    
1     000050a0  _ECap6Regs                                    
1     00005100  _EQep1Regs                                    
1     00005140  _EQep2Regs                                    
1     00005180  _EQep3Regs                                    
1     00005c00  _DacaRegs                                     
1     00005c10  _DacbRegs                                     
1     00005c20  _DaccRegs                                     
1     00005c80  _Cmpss1Regs                                   
1     00005ca0  _Cmpss2Regs                                   
1     00005cc0  _Cmpss3Regs                                   
1     00005ce0  _Cmpss4Regs                                   
1     00005d00  _Cmpss5Regs                                   
1     00005d20  _Cmpss6Regs                                   
1     00005d40  _Cmpss7Regs                                   
1     00005d60  _Cmpss8Regs                                   
1     00005e00  _Sdfm1Regs                                    
1     00005e80  _Sdfm2Regs                                    
1     00006000  _McbspaRegs                                   
1     00006040  _McbspbRegs                                   
1     00006100  _SpiaRegs                                     
1     00006110  _SpibRegs                                     
1     00006120  _SpicRegs                                     
1     00006200  _UppRegs                                      
1     00007000  _WdRegs                                       
1     00007060  _NmiIntruptRegs                               
1     00007070  _XintRegs                                     
1     00007200  _SciaRegs                                     
1     00007210  _ScibRegs                                     
1     00007220  _ScicRegs                                     
1     00007230  _ScidRegs                                     
1     00007300  _I2caRegs                                     
1     00007340  _I2cbRegs                                     
1     00007400  _AdcaRegs                                     
1     00007480  _AdcbRegs                                     
1     00007500  _AdccRegs                                     
1     00007580  _AdcdRegs                                     
1     00007900  _InputXbarRegs                                
1     00007920  _XbarRegs                                     
1     00007940  _SyncSocRegs                                  
1     00007980  _DmaClaSrcSelRegs                             
1     00007a00  _EPwmXbarRegs                                 
1     00007a40  _ClbXbarRegs                                  
1     00007a80  _OutputXbarRegs                               
1     00007c00  _GpioCtrlRegs                                 
1     00007f00  _GpioDataRegs                                 
1     0000e000  _open_loop_inverter_model_badr_P              
1     0000e058  _CpuTimer0                                    
1     0000e060  _CpuTimer1                                    
1     0000e068  _CpuTimer2                                    
1     0000e072  _open_loop_inverter_model_bad_DW              
1     0000e07c  _IsrOverrun                                   
1     0000e07e  _stopRequested                                
1     0000e07f  _runModel                                     
1     0000e080  _ErrorFlag                                    
1     0000e082  _CIPC0_INT_fptr                               
1     0000e084  _mwInitStart                                  
1     0000e086  _mwInitEnd                                    
1     0000e088  ___TI_enable_exit_profile_output              
1     0000e08a  ___TI_cleanup_ptr                             
1     0000e08c  ___TI_dtors_ptr                               
1     0000e08e  __lock                                        
1     0000e090  __unlock                                      
1     0000e092  _GPIO_oneTimeInit                             
1     0000e093  _MW_InterruptDisableLock                      
1     00047000  _Emif1Regs                                    
1     00047800  _Emif2Regs                                    
1     00048000  _CanaRegs                                     
1     0004a000  _CanbRegs                                     
1     00050000  _IpcRegs                                      
1     00050024  _FlashPumpSemaphoreRegs                       
1     0005d000  _DevCfgRegs                                   
1     0005d180  _AnalogSubsysRegs                             
1     0005d200  _ClkCfgRegs                                   
1     0005d300  _CpuSysRegs                                   
1     0005e608  _RomPrefetchRegs                              
1     0005f000  _DcsmZ1Regs                                   
1     0005f040  _DcsmZ2Regs                                   
1     0005f070  _DcsmCommonRegs                               
1     0005f400  _MemCfgRegs                                   
1     0005f480  _Emif1ConfigRegs                              
1     0005f4a0  _Emif2ConfigRegs                              
1     0005f4c0  _AccessProtectionRegs                         
1     0005f500  _MemoryErrorRegs                              
1     0005f540  _RomWaitStateRegs                             
1     0005f800  _Flash0CtrlRegs                               
1     0005fb00  _Flash0EccRegs                                
abs   00000000  _RamfuncsLoadSize                             
abs   00000000  _RamfuncsRunSize                              
abs   0000003f  _MW_RamfuncsLoadSize                          
abs   0000003f  _MW_RamfuncsRunSize                           
abs   00000400  __STACK_SIZE                                  
abs   ffffffff  ___TI_pprof_out_hndl                          
abs   ffffffff  ___TI_prof_data_size                          
abs   ffffffff  ___TI_prof_data_start                         
abs   ffffffff  ___binit__                                    
abs   ffffffff  ___c_args__                                   
abs   ffffffff  ___pinit__                                    
abs   ffffffff  binit                                         
abs   ffffffff  pinit                                         

[405 symbols]
